ERC report (2026-08-15T18:59:53, Encoding UTF8)
Report includes: Errors, Warnings, Exclusions

***** Sheet /
[endpoint_off_grid]: Symbol pin or wire end off connection grid
    ; warning
    @(591 mils, 1772 mils): Horizontal Wire, length 194 mils
[footprint_link_issues]: The current configuration does not include the footprint library 'Custom'
    ; warning
    @(984 mils, 1772 mils): Symbol J1 [Two_Pin]
[lib_symbol_issues]: The current configuration does not include the symbol library 'Custom'
    ; warning
    @(984 mils, 1772 mils): Symbol J1 [Two_Pin]
[endpoint_off_grid]: Symbol pin or wire end off connection grid
    ; warning
    @(1184 mils, 1772 mils): Symbol J1 Pin 2 [2, Passive, Line]
[endpoint_off_grid]: Symbol pin or wire end off connection grid
    ; warning
    @(1184 mils, 1772 mils): Horizontal Wire, length 194 mils
[endpoint_off_grid]: Symbol pin or wire end off connection grid
    ; warning
    @(1772 mils, 1772 mils): Horizontal Wire, length 194 mils
[footprint_link_issues]: The current configuration does not include the footprint library 'Custom'
    ; warning
    @(2165 mils, 1772 mils): Symbol C4 [Two_Pin]
[lib_symbol_issues]: The current configuration does not include the symbol library 'Custom'
    ; warning
    @(2165 mils, 1772 mils): Symbol C4 [Two_Pin]
[endpoint_off_grid]: Symbol pin or wire end off connection grid
    ; warning
    @(1965 mils, 2165 mils): Symbol R3 Pin 1 [1, Passive, Line]
[endpoint_off_grid]: Symbol pin or wire end off connection grid
    ; warning
    @(2365 mils, 1772 mils): Symbol C4 Pin 2 [2, Passive, Line]
[endpoint_off_grid]: Symbol pin or wire end off connection grid
    ; warning
    @(2365 mils, 1772 mils): Horizontal Wire, length 194 mils
[footprint_link_issues]: The current configuration does not include the footprint library 'Custom'
    ; warning
    @(2165 mils, 2165 mils): Symbol R3 [Two_Pin]
[lib_symbol_issues]: The current configuration does not include the symbol library 'Custom'
    ; warning
    @(2165 mils, 2165 mils): Symbol R3 [Two_Pin]
[endpoint_off_grid]: Symbol pin or wire end off connection grid
    ; warning
    @(2365 mils, 2165 mils): Horizontal Wire, length 194 mils
[endpoint_off_grid]: Symbol pin or wire end off connection grid
    ; warning
    @(1378 mils, 3150 mils): Horizontal Wire, length 194 mils
[footprint_link_issues]: The current configuration does not include the footprint library 'Custom'
    ; warning
    @(1772 mils, 3150 mils): Symbol R1 [Two_Pin]
[lib_symbol_issues]: The current configuration does not include the symbol library 'Custom'
    ; warning
    @(1772 mils, 3150 mils): Symbol R1 [Two_Pin]
[endpoint_off_grid]: Symbol pin or wire end off connection grid
    ; warning
    @(3268 mils, 1768 mils): Wire, length 319 mils
[endpoint_off_grid]: Symbol pin or wire end off connection grid
    ; warning
    @(1972 mils, 3150 mils): Symbol R1 Pin 2 [2, Passive, Line]
[endpoint_off_grid]: Symbol pin or wire end off connection grid
    ; warning
    @(1972 mils, 3150 mils): Horizontal Wire, length 194 mils
[endpoint_off_grid]: Symbol pin or wire end off connection grid
    ; warning
    @(3268 mils, 1870 mils): Wire, length 319 mils
[endpoint_off_grid]: Symbol pin or wire end off connection grid
    ; warning
    @(1378 mils, 3543 mils): Horizontal Wire, length 194 mils
[endpoint_off_grid]: Symbol pin or wire end off connection grid
    ; warning
    @(3268 mils, 1969 mils): Horizontal Wire, length 319 mils
[footprint_link_issues]: The current configuration does not include the footprint library 'Custom'
    ; warning
    @(1772 mils, 3543 mils): Symbol R2 [Two_Pin]
[lib_symbol_issues]: The current configuration does not include the symbol library 'Custom'
    ; warning
    @(1772 mils, 3543 mils): Symbol R2 [Two_Pin]
[endpoint_off_grid]: Symbol pin or wire end off connection grid
    ; warning
    @(1972 mils, 3543 mils): Horizontal Wire, length 194 mils
[endpoint_off_grid]: Symbol pin or wire end off connection grid
    ; warning
    @(1972 mils, 3543 mils): Symbol R2 Pin 2 [2, Passive, Line]
[endpoint_off_grid]: Symbol pin or wire end off connection grid
    ; warning
    @(2559 mils, 3150 mils): Horizontal Wire, length 194 mils
[endpoint_off_grid]: Symbol pin or wire end off connection grid
    ; warning
    @(3587 mils, 1969 mils): Symbol U1 Pin 3 [IN+_A, Passive, Line]
[endpoint_off_grid]: Symbol pin or wire end off connection grid
    ; warning
    @(3937 mils, 1378 mils): Vertical Wire, length 191 mils
[footprint_link_issues]: The current configuration does not include the footprint library 'Custom'
    ; warning
    @(2953 mils, 3150 mils): Symbol C1 [Two_Pin]
[lib_symbol_issues]: The current configuration does not include the symbol library 'Custom'
    ; warning
    @(2953 mils, 3150 mils): Symbol C1 [Two_Pin]
[endpoint_off_grid]: Symbol pin or wire end off connection grid
    ; warning
    @(2559 mils, 3543 mils): Horizontal Wire, length 194 mils
[lib_symbol_issues]: The current configuration does not include the symbol library 'Custom'
    ; warning
    @(3937 mils, 1969 mils): Symbol U1 [MCP6002_Dual]
[endpoint_off_grid]: Symbol pin or wire end off connection grid
    ; warning
    @(3153 mils, 3150 mils): Symbol C1 Pin 2 [2, Passive, Line]
[endpoint_off_grid]: Symbol pin or wire end off connection grid
    ; warning
    @(3153 mils, 3150 mils): Horizontal Wire, length 194 mils
[endpoint_off_grid]: Symbol pin or wire end off connection grid
    ; warning
    @(2753 mils, 3543 mils): Symbol C2 Pin 1 [1, Passive, Line]
[endpoint_off_grid]: Symbol pin or wire end off connection grid
    ; warning
    @(3937 mils, 2369 mils): Vertical Wire, length 191 mils
[footprint_link_issues]: The current configuration does not include the footprint library 'Custom'
    ; warning
    @(2953 mils, 3543 mils): Symbol C2 [Two_Pin]
[lib_symbol_issues]: The current configuration does not include the symbol library 'Custom'
    ; warning
    @(2953 mils, 3543 mils): Symbol C2 [Two_Pin]
[endpoint_off_grid]: Symbol pin or wire end off connection grid
    ; warning
    @(4287 mils, 1769 mils): Wire, length 359 mils
[endpoint_off_grid]: Symbol pin or wire end off connection grid
    ; warning
    @(4287 mils, 1869 mils): Wire, length 359 mils
[endpoint_off_grid]: Symbol pin or wire end off connection grid
    ; warning
    @(2559 mils, 3937 mils): Horizontal Wire, length 194 mils
[endpoint_off_grid]: Symbol pin or wire end off connection grid
    ; warning
    @(4287 mils, 1969 mils): Horizontal Wire, length 359 mils
[endpoint_off_grid]: Symbol pin or wire end off connection grid
    ; warning
    @(3153 mils, 3543 mils): Horizontal Wire, length 194 mils
[endpoint_off_grid]: Symbol pin or wire end off connection grid
    ; warning
    @(984 mils, 4821 mils): Horizontal Wire, length 144 mils
[footprint_link_issues]: The current configuration does not include the footprint library 'Custom'
    ; warning
    @(2953 mils, 3937 mils): Symbol C3 [Two_Pin]
[lib_symbol_issues]: The current configuration does not include the symbol library 'Custom'
    ; warning
    @(2953 mils, 3937 mils): Symbol C3 [Two_Pin]
[endpoint_off_grid]: Symbol pin or wire end off connection grid
    ; warning
    @(984 mils, 4921 mils): Horizontal Wire, length 144 mils
[endpoint_off_grid]: Symbol pin or wire end off connection grid
    ; warning
    @(3153 mils, 3937 mils): Symbol C3 Pin 2 [2, Passive, Line]
[endpoint_off_grid]: Symbol pin or wire end off connection grid
    ; warning
    @(3153 mils, 3937 mils): Horizontal Wire, length 194 mils
[footprint_link_issues]: The current configuration does not include the footprint library 'Custom'
    ; warning
    @(1378 mils, 4921 mils): Symbol RV1 [Three_Pin_Pot]
[lib_symbol_issues]: The current configuration does not include the symbol library 'Custom'
    ; warning
    @(1378 mils, 4921 mils): Symbol RV1 [Three_Pin_Pot]
[endpoint_off_grid]: Symbol pin or wire end off connection grid
    ; warning
    @(984 mils, 5021 mils): Horizontal Wire, length 144 mils
[endpoint_off_grid]: Symbol pin or wire end off connection grid
    ; warning
    @(1128 mils, 5021 mils): Symbol RV1 Pin 3 [3V3, Passive, Line]
[endpoint_off_grid]: Symbol pin or wire end off connection grid
    ; warning
    @(4921 mils, 1772 mils): Horizontal Wire, length 194 mils
[endpoint_off_grid]: Symbol pin or wire end off connection grid
    ; warning
    @(2559 mils, 4821 mils): Horizontal Wire, length 144 mils
[endpoint_off_grid]: Symbol pin or wire end off connection grid
    ; warning
    @(2559 mils, 4921 mils): Horizontal Wire, length 144 mils
[footprint_link_issues]: The current configuration does not include the footprint library 'Custom'
    ; warning
    @(5315 mils, 1772 mils): Symbol R4 [Two_Pin]
[lib_symbol_issues]: The current configuration does not include the symbol library 'Custom'
    ; warning
    @(5315 mils, 1772 mils): Symbol R4 [Two_Pin]
[endpoint_off_grid]: Symbol pin or wire end off connection grid
    ; warning
    @(2559 mils, 5021 mils): Horizontal Wire, length 144 mils
[endpoint_off_grid]: Symbol pin or wire end off connection grid
    ; warning
    @(2703 mils, 5021 mils): Symbol RV2 Pin 3 [3V3, Passive, Line]
[footprint_link_issues]: The current configuration does not include the footprint library 'Custom'
    ; warning
    @(2953 mils, 4921 mils): Symbol RV2 [Three_Pin_Pot]
[lib_symbol_issues]: The current configuration does not include the symbol library 'Custom'
    ; warning
    @(2953 mils, 4921 mils): Symbol RV2 [Three_Pin_Pot]
[endpoint_off_grid]: Symbol pin or wire end off connection grid
    ; warning
    @(5515 mils, 1772 mils): Horizontal Wire, length 194 mils
[endpoint_off_grid]: Symbol pin or wire end off connection grid
    ; warning
    @(5515 mils, 1772 mils): Symbol R4 Pin 2 [2, Passive, Line]
[endpoint_off_grid]: Symbol pin or wire end off connection grid
    ; warning
    @(4921 mils, 3740 mils): Horizontal Wire, length 194 mils
[endpoint_off_grid]: Symbol pin or wire end off connection grid
    ; warning
    @(4134 mils, 4821 mils): Horizontal Wire, length 144 mils
[endpoint_off_grid]: Symbol pin or wire end off connection grid
    ; warning
    @(6102 mils, 1772 mils): Horizontal Wire, length 194 mils
[endpoint_off_grid]: Symbol pin or wire end off connection grid
    ; warning
    @(4134 mils, 4921 mils): Horizontal Wire, length 144 mils
[endpoint_off_grid]: Symbol pin or wire end off connection grid
    ; warning
    @(4278 mils, 4821 mils): Symbol RV3 Pin 1 [GND, Passive, Line]
[footprint_link_issues]: The current configuration does not include the footprint library 'Custom'
    ; warning
    @(5315 mils, 3740 mils): Symbol R6 [Two_Pin]
[lib_symbol_issues]: The current configuration does not include the symbol library 'Custom'
    ; warning
    @(5315 mils, 3740 mils): Symbol R6 [Two_Pin]
[endpoint_off_grid]: Symbol pin or wire end off connection grid
    ; warning
    @(4134 mils, 5021 mils): Horizontal Wire, length 144 mils
[endpoint_off_grid]: Symbol pin or wire end off connection grid
    ; warning
    @(6496 mils, 984 mils): Horizontal Wire, length 194 mils
[endpoint_off_grid]: Symbol pin or wire end off connection grid
    ; warning
    @(5515 mils, 3740 mils): Horizontal Wire, length 194 mils
[endpoint_off_grid]: Symbol pin or wire end off connection grid
    ; warning
    @(5515 mils, 3740 mils): Symbol R6 Pin 2 [2, Passive, Line]
[footprint_link_issues]: The current configuration does not include the footprint library 'Custom'
    ; warning
    @(4528 mils, 4921 mils): Symbol RV3 [Three_Pin_Pot]
[lib_symbol_issues]: The current configuration does not include the symbol library 'Custom'
    ; warning
    @(4528 mils, 4921 mils): Symbol RV3 [Three_Pin_Pot]
[footprint_link_issues]: The current configuration does not include the footprint library 'Custom'
    ; warning
    @(6496 mils, 1772 mils): Symbol C5 [Two_Pin]
[lib_symbol_issues]: The current configuration does not include the symbol library 'Custom'
    ; warning
    @(6496 mils, 1772 mils): Symbol C5 [Two_Pin]
[endpoint_off_grid]: Symbol pin or wire end off connection grid
    ; warning
    @(6102 mils, 2953 mils): Horizontal Wire, length 194 mils
[endpoint_off_grid]: Symbol pin or wire end off connection grid
    ; warning
    @(6696 mils, 1772 mils): Symbol C5 Pin 2 [2, Passive, Line]
[endpoint_off_grid]: Symbol pin or wire end off connection grid
    ; warning
    @(6696 mils, 1772 mils): Horizontal Wire, length 194 mils
[footprint_link_issues]: The current configuration does not include the footprint library 'Custom'
    ; warning
    @(6890 mils, 984 mils): Symbol SW1 [Two_Pin]
[lib_symbol_issues]: The current configuration does not include the symbol library 'Custom'
    ; warning
    @(6890 mils, 984 mils): Symbol SW1 [Two_Pin]
[footprint_link_issues]: The current configuration does not include the footprint library 'Custom'
    ; warning
    @(6496 mils, 2953 mils): Symbol C6 [Two_Pin]
[lib_symbol_issues]: The current configuration does not include the symbol library 'Custom'
    ; warning
    @(6496 mils, 2953 mils): Symbol C6 [Two_Pin]
[endpoint_off_grid]: Symbol pin or wire end off connection grid
    ; warning
    @(6102 mils, 3740 mils): Horizontal Wire, length 194 mils
[endpoint_off_grid]: Symbol pin or wire end off connection grid
    ; warning
    @(7090 mils, 984 mils): Horizontal Wire, length 194 mils
[endpoint_off_grid]: Symbol pin or wire end off connection grid
    ; warning
    @(7090 mils, 984 mils): Symbol SW1 Pin 2 [2, Passive, Line]
[footprint_link_issues]: The current configuration does not include the footprint library 'Custom'
    ; warning
    @(6496 mils, 3346 mils): Symbol R5 [Two_Pin]
[lib_symbol_issues]: The current configuration does not include the symbol library 'Custom'
    ; warning
    @(6496 mils, 3346 mils): Symbol R5 [Two_Pin]
[endpoint_off_grid]: Symbol pin or wire end off connection grid
    ; warning
    @(6696 mils, 2953 mils): Symbol C6 Pin 2 [2, Passive, Line]
[endpoint_off_grid]: Symbol pin or wire end off connection grid
    ; warning
    @(6696 mils, 2953 mils): Horizontal Wire, length 194 mils
[endpoint_off_grid]: Symbol pin or wire end off connection grid
    ; warning
    @(6296 mils, 3740 mils): Symbol C7 Pin 1 [1, Passive, Line]
[endpoint_off_grid]: Symbol pin or wire end off connection grid
    ; warning
    @(6102 mils, 4134 mils): Horizontal Wire, length 194 mils
[endpoint_off_grid]: Symbol pin or wire end off connection grid
    ; warning
    @(5709 mils, 4821 mils): Horizontal Wire, length 144 mils
[endpoint_off_grid]: Symbol pin or wire end off connection grid
    ; warning
    @(6696 mils, 3346 mils): Symbol R5 Pin 2 [2, Passive, Line]
[endpoint_off_grid]: Symbol pin or wire end off connection grid
    ; warning
    @(6696 mils, 3346 mils): Horizontal Wire, length 194 mils
[footprint_link_issues]: The current configuration does not include the footprint library 'Custom'
    ; warning
    @(6496 mils, 3740 mils): Symbol C7 [Two_Pin]
[lib_symbol_issues]: The current configuration does not include the symbol library 'Custom'
    ; warning
    @(6496 mils, 3740 mils): Symbol C7 [Two_Pin]
[endpoint_off_grid]: Symbol pin or wire end off connection grid
    ; warning
    @(5709 mils, 4921 mils): Horizontal Wire, length 144 mils
[endpoint_off_grid]: Symbol pin or wire end off connection grid
    ; warning
    @(5852 mils, 4821 mils): Symbol RV4 Pin 1 [GND, Passive, Line]
[endpoint_off_grid]: Symbol pin or wire end off connection grid
    ; warning
    @(5709 mils, 5021 mils): Horizontal Wire, length 144 mils
[endpoint_off_grid]: Symbol pin or wire end off connection grid
    ; warning
    @(6696 mils, 3740 mils): Horizontal Wire, length 194 mils
[footprint_link_issues]: The current configuration does not include the footprint library 'Custom'
    ; warning
    @(6496 mils, 4134 mils): Symbol R7 [Two_Pin]
[lib_symbol_issues]: The current configuration does not include the symbol library 'Custom'
    ; warning
    @(6496 mils, 4134 mils): Symbol R7 [Two_Pin]
[endpoint_off_grid]: Symbol pin or wire end off connection grid
    ; warning
    @(7559 mils, 1866 mils): Wire, length 109 mils
[endpoint_off_grid]: Symbol pin or wire end off connection grid
    ; warning
    @(7559 mils, 2063 mils): Wire, length 109 mils
[footprint_link_issues]: The current configuration does not include the footprint library 'Custom'
    ; warning
    @(6102 mils, 4921 mils): Symbol RV4 [Three_Pin_Pot]
[lib_symbol_issues]: The current configuration does not include the symbol library 'Custom'
    ; warning
    @(6102 mils, 4921 mils): Symbol RV4 [Three_Pin_Pot]
[endpoint_off_grid]: Symbol pin or wire end off connection grid
    ; warning
    @(6696 mils, 4134 mils): Symbol R7 Pin 2 [2, Passive, Line]
[endpoint_off_grid]: Symbol pin or wire end off connection grid
    ; warning
    @(6696 mils, 4134 mils): Horizontal Wire, length 194 mils
[endpoint_off_grid]: Symbol pin or wire end off connection grid
    ; warning
    @(8268 mils, 1457 mils): Vertical Wire, length 109 mils
[endpoint_off_grid]: Symbol pin or wire end off connection grid
    ; warning
    @(7677 mils, 3740 mils): Horizontal Wire, length 194 mils
[footprint_link_issues]: The current configuration does not include the footprint library 'Custom'
    ; warning
    @(8268 mils, 2165 mils): Symbol U2 [Daisy_Seed_Minimal]
[lib_symbol_issues]: The current configuration does not include the symbol library 'Custom'
    ; warning
    @(8268 mils, 2165 mils): Symbol U2 [Daisy_Seed_Minimal]
[endpoint_off_grid]: Symbol pin or wire end off connection grid
    ; warning
    @(8168 mils, 2765 mils): Wire, length 72 mils
[endpoint_off_grid]: Symbol pin or wire end off connection grid
    ; warning
    @(7871 mils, 3740 mils): Symbol J2 Pin 1 [1, Passive, Line]
[endpoint_off_grid]: Symbol pin or wire end off connection grid
    ; warning
    @(7283 mils, 4821 mils): Horizontal Wire, length 144 mils
[endpoint_off_grid]: Symbol pin or wire end off connection grid
    ; warning
    @(7283 mils, 4921 mils): Horizontal Wire, length 144 mils
[endpoint_off_grid]: Symbol pin or wire end off connection grid
    ; warning
    @(8368 mils, 2765 mils): Wire, length 72 mils
[endpoint_off_grid]: Symbol pin or wire end off connection grid
    ; warning
    @(7283 mils, 5021 mils): Horizontal Wire, length 144 mils
[footprint_link_issues]: The current configuration does not include the footprint library 'Custom'
    ; warning
    @(8071 mils, 3740 mils): Symbol J2 [Two_Pin]
[lib_symbol_issues]: The current configuration does not include the symbol library 'Custom'
    ; warning
    @(8071 mils, 3740 mils): Symbol J2 [Two_Pin]
[endpoint_off_grid]: Symbol pin or wire end off connection grid
    ; warning
    @(7427 mils, 5021 mils): Symbol RV5 Pin 3 [3V3, Passive, Line]
[endpoint_off_grid]: Symbol pin or wire end off connection grid
    ; warning
    @(8271 mils, 3740 mils): Horizontal Wire, length 194 mils
[endpoint_off_grid]: Symbol pin or wire end off connection grid
    ; warning
    @(8868 mils, 2065 mils): Wire, length 109 mils
[footprint_link_issues]: The current configuration does not include the footprint library 'Custom'
    ; warning
    @(7677 mils, 4921 mils): Symbol RV5 [Three_Pin_Pot]
[lib_symbol_issues]: The current configuration does not include the symbol library 'Custom'
    ; warning
    @(7677 mils, 4921 mils): Symbol RV5 [Three_Pin_Pot]
[endpoint_off_grid]: Symbol pin or wire end off connection grid
    ; warning
    @(8868 mils, 2165 mils): Symbol U2 Pin 19 [AUDIO_OUT_R, Output, Line]
[endpoint_off_grid]: Symbol pin or wire end off connection grid
    ; warning
    @(8868 mils, 2165 mils): Horizontal Wire, length 109 mils
[endpoint_off_grid]: Symbol pin or wire end off connection grid
    ; warning
    @(8868 mils, 2365 mils): Horizontal Wire, length 109 mils
[endpoint_off_grid]: Symbol pin or wire end off connection grid
    ; warning
    @(8868 mils, 2465 mils): Horizontal Wire, length 109 mils
[endpoint_off_grid]: Symbol pin or wire end off connection grid
    ; warning
    @(8868 mils, 2565 mils): Horizontal Wire, length 109 mils
[isolated_pin_label]: Label connected to only one pin
    ; warning
    @(8976 mils, 2165 mils): Global Label 'AUDIO_OUT_R_UNUSED'
[endpoint_off_grid]: Symbol pin or wire end off connection grid
    ; warning
    @(8868 mils, 2665 mils): Horizontal Wire, length 109 mils

 ** ERC messages: 138  Errors 0  Warnings 138

 ** Ignored checks:
    - Global label only appears once in the schematic
    - Four connection points are joined together
    - SPICE model issue
    - Assigned footprint doesn't match footprint filters
