Archive member included to satisfy reference by file (symbol)

../../libDaisy//build/libdaisy.a(daisy_seed.o)
                              build/MultiEffectPedal.o (daisy::DaisySeed::StartAudio(void (*)(float const* const*, float**, unsigned int)))
../../libDaisy//build/libdaisy.a(codec_ak4556.o)
                              ../../libDaisy//build/libdaisy.a(daisy_seed.o) (daisy::Ak4556::Init(dsy_gpio_pin))
../../libDaisy//build/libdaisy.a(codec_wm8731.o)
                              ../../libDaisy//build/libdaisy.a(daisy_seed.o) (daisy::Wm8731::Init(daisy::Wm8731::Config const&, daisy::I2CHandle))
../../libDaisy//build/libdaisy.a(sdram.o)
                              ../../libDaisy//build/libdaisy.a(daisy_seed.o) (SdramHandle::Init())
../../libDaisy//build/libdaisy.a(audio.o)
                              ../../libDaisy//build/libdaisy.a(daisy_seed.o) (daisy::AudioHandle::Init(daisy::AudioHandle::Config const&, daisy::SaiHandle))
../../libDaisy//build/libdaisy.a(switch.o)
                              build/MultiEffectPedal.o (daisy::Switch::Init(dsy_gpio_pin, float))
../../libDaisy//build/libdaisy.a(gpio.o)
                              ../../libDaisy//build/libdaisy.a(daisy_seed.o) (daisy::GPIO::Init(daisy::Pin, daisy::GPIO::Mode, daisy::GPIO::Pull, daisy::GPIO::Speed))
../../libDaisy//build/libdaisy.a(i2c.o)
                              ../../libDaisy//build/libdaisy.a(daisy_seed.o) (daisy::I2CHandle::Init(daisy::I2CHandle::Config const&))
../../libDaisy//build/libdaisy.a(qspi.o)
                              ../../libDaisy//build/libdaisy.a(daisy_seed.o) (daisy::QSPIHandle::Init(daisy::QSPIHandle::Config const&))
../../libDaisy//build/libdaisy.a(sai.o)
                              ../../libDaisy//build/libdaisy.a(daisy_seed.o) (daisy::SaiHandle::Init(daisy::SaiHandle::Config const&))
../../libDaisy//build/libdaisy.a(system.o)
                              ../../libDaisy//build/libdaisy.a(daisy_seed.o) (daisy::System::DeInit())
../../libDaisy//build/libdaisy.a(system_stm32h7xx.o)
                              build/startup_stm32h750xx.o (SystemInit)
../../libDaisy//build/libdaisy.a(usbd_conf.o)
                              ../../libDaisy//build/libdaisy.a(system.o) (hpcd_USB_OTG_HS)
../../libDaisy//build/libdaisy.a(usbh_conf.o)
                              ../../libDaisy//build/libdaisy.a(system.o) (hhcd_USB_OTG_HS)
../../libDaisy//build/libdaisy.a(hal_map.o)
                              ../../libDaisy//build/libdaisy.a(gpio.o) (dsy_hal_map_get_port)
../../libDaisy//build/libdaisy.a(stm32h7xx_hal.o)
                              ../../libDaisy//build/libdaisy.a(system.o) (HAL_Init)
../../libDaisy//build/libdaisy.a(stm32h7xx_hal_cortex.o)
                              ../../libDaisy//build/libdaisy.a(stm32h7xx_hal.o) (HAL_NVIC_SetPriorityGrouping)
../../libDaisy//build/libdaisy.a(stm32h7xx_hal_dma.o)
                              ../../libDaisy//build/libdaisy.a(i2c.o) (HAL_DMA_Init)
../../libDaisy//build/libdaisy.a(stm32h7xx_hal_gpio.o)
                              ../../libDaisy//build/libdaisy.a(sdram.o) (HAL_GPIO_Init)
../../libDaisy//build/libdaisy.a(stm32h7xx_hal_hcd.o)
                              ../../libDaisy//build/libdaisy.a(usbh_conf.o) (HAL_HCD_HC_Init)
../../libDaisy//build/libdaisy.a(stm32h7xx_hal_i2c.o)
                              ../../libDaisy//build/libdaisy.a(i2c.o) (HAL_I2C_Init)
../../libDaisy//build/libdaisy.a(stm32h7xx_hal_i2c_ex.o)
                              ../../libDaisy//build/libdaisy.a(i2c.o) (HAL_I2CEx_ConfigAnalogFilter)
../../libDaisy//build/libdaisy.a(stm32h7xx_hal_pcd.o)
                              ../../libDaisy//build/libdaisy.a(usbd_conf.o) (HAL_PCD_Init)
../../libDaisy//build/libdaisy.a(stm32h7xx_hal_pcd_ex.o)
                              ../../libDaisy//build/libdaisy.a(usbd_conf.o) (HAL_PCDEx_SetTxFiFo)
../../libDaisy//build/libdaisy.a(stm32h7xx_hal_pwr_ex.o)
                              ../../libDaisy//build/libdaisy.a(system.o) (HAL_PWREx_ConfigSupply)
../../libDaisy//build/libdaisy.a(stm32h7xx_hal_qspi.o)
                              ../../libDaisy//build/libdaisy.a(qspi.o) (HAL_QSPI_Init)
../../libDaisy//build/libdaisy.a(stm32h7xx_hal_rcc.o)
                              ../../libDaisy//build/libdaisy.a(system.o) (HAL_RCC_OscConfig)
../../libDaisy//build/libdaisy.a(stm32h7xx_hal_rcc_ex.o)
                              ../../libDaisy//build/libdaisy.a(system.o) (HAL_RCCEx_PeriphCLKConfig)
../../libDaisy//build/libdaisy.a(stm32h7xx_hal_sai.o)
                              ../../libDaisy//build/libdaisy.a(sai.o) (HAL_SAI_InitProtocol)
../../libDaisy//build/libdaisy.a(stm32h7xx_hal_sdram.o)
                              ../../libDaisy//build/libdaisy.a(sdram.o) (HAL_SDRAM_Init)
../../libDaisy//build/libdaisy.a(stm32h7xx_ll_fmc.o)
                              ../../libDaisy//build/libdaisy.a(stm32h7xx_hal_sdram.o) (FMC_SDRAM_Init)
../../libDaisy//build/libdaisy.a(stm32h7xx_ll_usb.o)
[...]
Memory Configuration

Name             Origin             Length             Attributes
FLASH            0x0000000008000000 0x0000000000020000 xr
DTCMRAM          0x0000000020000000 0x0000000000020000 xrw
SRAM             0x0000000024000000 0x0000000000080000 xrw
RAM_D2           0x0000000030000000 0x0000000000048000 xrw
RAM_D3           0x0000000038000000 0x0000000000010000 xrw
BACKUP_SRAM      0x0000000038800000 0x0000000000001000 xrw
ITCMRAM          0x0000000000000000 0x0000000000010000 xrw
SDRAM            0x00000000c0000000 0x0000000004000000 xrw
QSPIFLASH        0x0000000090000000 0x0000000000800000 xr
*default*        0x0000000000000000 0xffffffffffffffff

Linker script and memory map

LOAD /Library/DaisyToolchain/0.2.0/arm/bin/../lib/gcc/arm-none-eabi/10.3.1/thumb/v7e-m+dp/hard/crti.o
LOAD /Library/DaisyToolchain/0.2.0/arm/bin/../lib/gcc/arm-none-eabi/10.3.1/thumb/v7e-m+dp/hard/crtbegin.o
LOAD /Library/DaisyToolchain/0.2.0/arm/bin/../lib/gcc/arm-none-eabi/10.3.1/../../../../arm-none-eabi/lib/thumb/v7e-m+dp/hard/crt0.o
LOAD build/startup_stm32h750xx.o
LOAD build/MultiEffectPedal.o
LOAD ../../libDaisy//build/libdaisy.a
LOAD /Library/DaisyToolchain/0.2.0/arm/bin/../lib/gcc/arm-none-eabi/10.3.1/../../../../arm-none-eabi/lib/thumb/v7e-m+dp/hard/libnosys.a
LOAD ../../DaisySP//build/libdaisysp.a
LOAD ../../DaisySP//DaisySP-LGPL/build/libdaisysp-lgpl.a
LOAD /Library/DaisyToolchain/0.2.0/arm/bin/../lib/gcc/arm-none-eabi/10.3.1/../../../../arm-none-eabi/lib/thumb/v7e-m+dp/hard/libstdc++_nano.a
LOAD /Library/DaisyToolchain/0.2.0/arm/bin/../lib/gcc/arm-none-eabi/10.3.1/../../../../arm-none-eabi/lib/thumb/v7e-m+dp/hard/libm.a
LOAD /Library/DaisyToolchain/0.2.0/arm/bin/../lib/gcc/arm-none-eabi/10.3.1/../../../../arm-none-eabi/lib/thumb/v7e-m+dp/hard/libc_nano.a
START GROUP
LOAD /Library/DaisyToolchain/0.2.0/arm/bin/../lib/gcc/arm-none-eabi/10.3.1/thumb/v7e-m+dp/hard/libgcc.a
LOAD /Library/DaisyToolchain/0.2.0/arm/bin/../lib/gcc/arm-none-eabi/10.3.1/../../../../arm-none-eabi/lib/thumb/v7e-m+dp/hard/libc_nano.a
END GROUP
START GROUP
LOAD /Library/DaisyToolchain/0.2.0/arm/bin/../lib/gcc/arm-none-eabi/10.3.1/thumb/v7e-m+dp/hard/libgcc.a
LOAD /Library/DaisyToolchain/0.2.0/arm/bin/../lib/gcc/arm-none-eabi/10.3.1/../../../../arm-none-eabi/lib/thumb/v7e-m+dp/hard/libc_nano.a
LOAD /Library/DaisyToolchain/0.2.0/arm/bin/../lib/gcc/arm-none-eabi/10.3.1/../../../../arm-none-eabi/lib/thumb/v7e-m+dp/hard/libnosys.a
END GROUP
START GROUP
LOAD /Library/DaisyToolchain/0.2.0/arm/bin/../lib/gcc/arm-none-eabi/10.3.1/thumb/v7e-m+dp/hard/libgcc.a
LOAD /Library/DaisyToolchain/0.2.0/arm/bin/../lib/gcc/arm-none-eabi/10.3.1/../../../../arm-none-eabi/lib/thumb/v7e-m+dp/hard/libc_nano.a
LOAD /Library/DaisyToolchain/0.2.0/arm/bin/../lib/gcc/arm-none-eabi/10.3.1/../../../../arm-none-eabi/lib/thumb/v7e-m+dp/hard/libnosys.a
END GROUP
LOAD /Library/DaisyToolchain/0.2.0/arm/bin/../lib/gcc/arm-none-eabi/10.3.1/thumb/v7e-m+dp/hard/crtend.o
LOAD /Library/DaisyToolchain/0.2.0/arm/bin/../lib/gcc/arm-none-eabi/10.3.1/thumb/v7e-m+dp/hard/crtn.o
                0x0000000020020000                _estack = 0x20020000

.isr_vector     0x0000000008000000      0x298
                0x0000000008000000                . = ALIGN (0x4)
 *(.isr_vector)
 .isr_vector    0x0000000008000000      0x298 build/startup_stm32h750xx.o
                0x0000000008000000                g_pfnVectors
                0x0000000008000298                . = ALIGN (0x4)

.text           0x0000000008000298    0x10c10
                0x0000000008000298                . = ALIGN (0x4)
                0x0000000008000298                _stext = .
 *(.text)
 .text          0x0000000008000298       0x40 /Library/DaisyToolchain/0.2.0/arm/bin/../lib/gcc/arm-none-eabi/10.3.1/thumb/v7e-m+dp/hard/crtbegin.o
 .text          0x00000000080002d8      0x378 /Library/DaisyToolchain/0.2.0/arm/bin/../lib/gcc/arm-none-eabi/10.3.1/thumb/v7e-m+dp/hard/libgcc.a(_arm_addsubdf3.o)
                0x00000000080002d8                __aeabi_drsub
                0x00000000080002e0                __subdf3
                0x00000000080002e0                __aeabi_dsub
                0x00000000080002e4                __aeabi_dadd
                0x00000000080002e4                __adddf3
                0x000000000800055c                __aeabi_ui2d
                0x000000000800055c                __floatunsidf
                0x000000000800057c                __floatsidf
                0x000000000800057c                __aeabi_i2d
                0x00000000080005a0                __extendsfdf2
                0x00000000080005a0                __aeabi_f2d
                0x00000000080005e4                __aeabi_ul2d
                0x00000000080005e4                __floatundidf
                0x00000000080005f4                __aeabi_l2d
                0x00000000080005f4                __floatdidf
 .text          0x0000000008000650       0x30 /Library/DaisyToolchain/0.2.0/arm/bin/../lib/gcc/arm-none-eabi/10.3.1/thumb/v7e-m+dp/hard/libgcc.a(_aeabi_uldivmod.o)
                0x0000000008000650                __aeabi_uldivmod
 .text          0x0000000008000680      0x2d0 /Library/DaisyToolchain/0.2.0/arm/bin/../lib/gcc/arm-none-eabi/10.3.1/thumb/v7e-m+dp/hard/libgcc.a(_udivmoddi4.o)
                0x0000000008000680                __udivmoddi4
 .text          0x0000000008000950        0x4 /Library/DaisyToolchain/0.2.0/arm/bin/../lib/gcc/arm-none-eabi/10.3.1/thumb/v7e-m+dp/hard/libgcc.a(_dvmd_tls.o)
                0x0000000008000950                __aeabi_ldiv0
                0x0000000008000950                __aeabi_idiv0
 *(.text*)
 .text.Default_Handler
                0x0000000008000954        0x4 build/startup_stm32h750xx.o
                0x0000000008000954                SAI1_IRQHandler
                0x0000000008000954                HASH_RNG_IRQHandler
                0x0000000008000954                EXTI2_IRQHandler
                0x0000000008000954                TIM8_CC_IRQHandler
                0x0000000008000954                HRTIM1_Master_IRQHandler
                0x0000000008000954                DebugMon_Handler
                0x0000000008000954                TIM1_CC_IRQHandler
                0x0000000008000954                BDMA_Channel6_IRQHandler
                0x0000000008000954                DMA2_Stream5_IRQHandler
                0x0000000008000954                HRTIM1_FLT_IRQHandler
                0x0000000008000954                JPEG_IRQHandler
                0x0000000008000954                BDMA_Channel1_IRQHandler
                0x0000000008000954                HRTIM1_TIMD_IRQHandler
                0x0000000008000954                TAMP_STAMP_IRQHandler
                0x0000000008000954                PendSV_Handler
                0x0000000008000954                NMI_Handler
                0x0000000008000954                EXTI3_IRQHandler
                0x0000000008000954                LPTIM4_IRQHandler
                0x0000000008000954                TIM8_TRG_COM_TIM14_IRQHandler
                0x0000000008000954                LPTIM2_IRQHandler
                0x0000000008000954                DFSDM1_FLT1_IRQHandler
                0x0000000008000954                DMAMUX2_OVR_IRQHandler
                0x0000000008000954                TIM8_UP_TIM13_IRQHandler
                0x0000000008000954                I2C3_ER_IRQHandler
                0x0000000008000954                DFSDM1_FLT2_IRQHandler
                0x0000000008000954                MDMA_IRQHandler
                0x0000000008000954                LPTIM3_IRQHandler
                0x0000000008000954                HSEM1_IRQHandler
                0x0000000008000954                EXTI0_IRQHandler
                0x0000000008000954                DMA1_Stream2_IRQHandler
                0x0000000008000954                FPU_IRQHandler
                0x0000000008000954                OTG_HS_WKUP_IRQHandler
                0x0000000008000954                FDCAN1_IT1_IRQHandler
                0x0000000008000954                UsageFault_Handler
                0x0000000008000954                LTDC_ER_IRQHandler
                0x0000000008000954                HRTIM1_TIME_IRQHandler
                0x0000000008000954                TIM6_DAC_IRQHandler
                0x0000000008000954                DCMI_IRQHandler
                0x0000000008000954                HRTIM1_TIMC_IRQHandler
                0x0000000008000954                SAI2_IRQHandler
                0x0000000008000954                DFSDM1_FLT3_IRQHandler
                0x0000000008000954                TIM17_IRQHandler
                0x0000000008000954                CRYP_IRQHandler
                0x0000000008000954                BDMA_Channel7_IRQHandler
                0x0000000008000954                LPTIM5_IRQHandler
                0x0000000008000954                ADC3_IRQHandler
                0x0000000008000954                DMA2_Stream0_IRQHandler
                0x0000000008000954                BDMA_Channel2_IRQHandler
                0x0000000008000954                DMAMUX1_OVR_IRQHandler
                0x0000000008000954                TIM16_IRQHandler
                0x0000000008000954                BDMA_Channel5_IRQHandler
                0x0000000008000954                RCC_IRQHandler
                0x0000000008000954                TIM8_BRK_TIM12_IRQHandler
                0x0000000008000954                TIM1_TRG_COM_IRQHandler
                0x0000000008000954                Default_Handler
                0x0000000008000954                ECC_IRQHandler
                0x0000000008000954                CEC_IRQHandler
                0x0000000008000954                EXTI15_10_IRQHandler
                0x0000000008000954                BDMA_Channel0_IRQHandler
                0x0000000008000954                ADC_IRQHandler
                0x0000000008000954                DMA1_Stream7_IRQHandler
                0x0000000008000954                HRTIM1_TIMA_IRQHandler
                0x0000000008000954                TIM7_IRQHandler
                0x0000000008000954                SDMMC1_IRQHandler
                0x0000000008000954                DMA2_Stream7_IRQHandler
                0x0000000008000954                TIM15_IRQHandler
                0x0000000008000954                PVD_AVD_IRQHandler
                0x0000000008000954                EXTI9_5_IRQHandler
                0x0000000008000954                RTC_WKUP_IRQHandler
                0x0000000008000954                LTDC_IRQHandler
                0x0000000008000954                SAI3_IRQHandler
                0x0000000008000954                ETH_WKUP_IRQHandler
                0x0000000008000954                SPDIF_RX_IRQHandler
                0x0000000008000954                MemManage_Handler
                0x0000000008000954                SVC_Handler
                0x0000000008000954                CRS_IRQHandler
                0x0000000008000954                EXTI4_IRQHandler
                0x0000000008000954                HRTIM1_TIMB_IRQHandler
                0x0000000008000954                FDCAN2_IT1_IRQHandler
                0x0000000008000954                ETH_IRQHandler
                0x0000000008000954                TIM1_UP_IRQHandler
                0x0000000008000954                BDMA_Channel4_IRQHandler
                0x0000000008000954                WWDG_IRQHandler
                0x0000000008000954                SPI6_IRQHandler
                0x0000000008000954                I2C4_EV_IRQHandler
                0x0000000008000954                MDIOS_IRQHandler
                0x0000000008000954                FDCAN2_IT0_IRQHandler
                0x0000000008000954                FDCAN1_IT0_IRQHandler
                0x0000000008000954                OTG_FS_WKUP_IRQHandler
                0x0000000008000954                DMA2D_IRQHandler
                0x0000000008000954                TIM1_BRK_IRQHandler
                0x0000000008000954                EXTI1_IRQHandler
                0x0000000008000954                SDMMC2_IRQHandler
                0x0000000008000954                OTG_FS_EP1_OUT_IRQHandler
                0x0000000008000954                BDMA_Channel3_IRQHandler
                0x0000000008000954                MDIOS_WKUP_IRQHandler
                0x0000000008000954                DFSDM1_FLT0_IRQHandler
                0x0000000008000954                SAI4_IRQHandler
                0x0000000008000954                I2C2_ER_IRQHandler
                0x0000000008000954                DMA2_Stream1_IRQHandler
                0x0000000008000954                FLASH_IRQHandler
                0x0000000008000954                BusFault_Handler
                0x0000000008000954                OTG_FS_IRQHandler
                0x0000000008000954                WAKEUP_PIN_IRQHandler
                0x0000000008000954                OTG_FS_EP1_IN_IRQHandler
                0x0000000008000954                I2C1_ER_IRQHandler
                0x0000000008000954                FMC_IRQHandler
                0x0000000008000954                FDCAN_CAL_IRQHandler
                0x0000000008000954                SWPMI1_IRQHandler
                0x0000000008000954                COMP1_IRQHandler
                0x0000000008000954                LPTIM1_IRQHandler
                0x0000000008000954                I2C4_ER_IRQHandler
                0x0000000008000954                DMA2_Stream6_IRQHandler
                0x0000000008000954                RTC_Alarm_IRQHandler
 .text.Reset_Handler
                0x0000000008000958       0x44 build/startup_stm32h750xx.o
                0x0000000008000958                Reset_Handler
 .text._ZN5daisy6SwitchD2Ev
                0x000000000800099c        0x4 build/MultiEffectPedal.o
                0x000000000800099c                daisy::Switch::~Switch()
                0x000000000800099c                daisy::Switch::~Switch()
 .text._ZN5daisy9DaisySeedD2Ev
                0x00000000080009a0        0x4 build/MultiEffectPedal.o
                0x00000000080009a0                daisy::DaisySeed::~DaisySeed()
                0x00000000080009a0                daisy::DaisySeed::~DaisySeed()
 .text._ZN7daisysp9OverdriveD2Ev
                0x00000000080009a4        0x4 build/MultiEffectPedal.o
                0x00000000080009a4                daisysp::Overdrive::~Overdrive()
                0x00000000080009a4                daisysp::Overdrive::~Overdrive()
 .text._ZN7daisysp7DcBlockD2Ev
                0x00000000080009a8        0x4 build/MultiEffectPedal.o
                0x00000000080009a8                daisysp::DcBlock::~DcBlock()
                0x00000000080009a8                daisysp::DcBlock::~DcBlock()
 .text._ZN7daisysp8ReverbScD2Ev
                0x00000000080009ac        0x4 build/MultiEffectPedal.o
                0x00000000080009ac                daisysp::ReverbSc::~ReverbSc()
                0x00000000080009ac                daisysp::ReverbSc::~ReverbSc()
 .text._ZN7daisysp7FlangerD2Ev
                0x00000000080009b0        0x4 build/MultiEffectPedal.o
                0x00000000080009b0                daisysp::Flanger::~Flanger()
                0x00000000080009b0                daisysp::Flanger::~Flanger()
 .text._ZN7daisysp9DelayLineIfLj48000EED2Ev
                0x00000000080009b4        0x4 build/MultiEffectPedal.o
                0x00000000080009b4                daisysp::DelayLine<float, 48000u>::~DelayLine()
                0x00000000080009b4                daisysp::DelayLine<float, 48000u>::~DelayLine()
 .text._Z13AudioCallbackPKPKfPPfj
                0x00000000080009b8      0x2bc build/MultiEffectPedal.o
                0x00000000080009b8                AudioCallback(float const* const*, float**, unsigned int)
 .text.startup.main
                0x0000000008000c74      0x16c build/MultiEffectPedal.o
                0x0000000008000c74                main
 .text.startup._GLOBAL__sub_I_hardware
                0x0000000008000de0       0x94 build/MultiEffectPedal.o
 .text._ZN5daisy9DaisySeed10StartAudioEPFvPKPKfPPfjE
                0x0000000008000e74        0x8 ../../libDaisy//build/libdaisy.a(daisy_seed.o)
                0x0000000008000e74                daisy::DaisySeed::StartAudio(void (*)(float const* const*, float**, unsigned int))
 .text._ZN5daisy9DaisySeed15AudioSampleRateEv
                0x0000000008000e7c        0x8 ../../libDaisy//build/libdaisy.a(daisy_seed.o)
                0x0000000008000e7c                daisy::DaisySeed::AudioSampleRate()
 .text._ZN5daisy9DaisySeed17SetAudioBlockSizeEj
                0x0000000008000e84       0x38 ../../libDaisy//build/libdaisy.a(daisy_seed.o)
                0x0000000008000e84                daisy::DaisySeed::SetAudioBlockSize(unsigned int)
 .text._ZN5daisy9DaisySeed6SetLedEb
                0x0000000008000ebc        0x8 ../../libDaisy//build/libdaisy.a(daisy_seed.o)
                0x0000000008000ebc                daisy::DaisySeed::SetLed(bool)
 .text._ZN5daisy9DaisySeed17CheckBoardVersionEv
                0x0000000008000ec4       0x6c ../../libDaisy//build/libdaisy.a(daisy_seed.o)
                0x0000000008000ec4                daisy::DaisySeed::CheckBoardVersion()
 .text._ZN5daisy9DaisySeed14ConfigureAudioEv
                0x0000000008000f30      0x10c ../../libDaisy//build/libdaisy.a(daisy_seed.o)
                0x0000000008000f30                daisy::DaisySeed::ConfigureAudio()
 .text._ZN5daisy9DaisySeed4InitEb
                0x000000000800103c      0x108 ../../libDaisy//build/libdaisy.a(daisy_seed.o)
                0x000000000800103c                daisy::DaisySeed::Init(bool)
 .text._ZN5daisy6Ak45564InitE12dsy_gpio_pin
                0x0000000008001144       0x44 ../../libDaisy//build/libdaisy.a(codec_ak4556.o)
                0x0000000008001144                daisy::Ak4556::Init(dsy_gpio_pin)
 .text._ZN5daisy6Wm873120WriteControlRegisterEht
                0x0000000008001188       0x3c ../../libDaisy//build/libdaisy.a(codec_wm8731.o)
                0x0000000008001188                daisy::Wm8731::WriteControlRegister(unsigned char, unsigned short)
 .text._ZN5daisy6Wm87314InitERKNS0_6ConfigENS_9I2CHandleE
                0x00000000080011c4      0x1bc ../../libDaisy//build/libdaisy.a(codec_wm8731.o)
                0x00000000080011c4                daisy::Wm8731::Init(daisy::Wm8731::Config const&, daisy::I2CHandle)
 .text._ZN11SdramHandle10DeviceInitEv
                0x0000000008001380       0x98 ../../libDaisy//build/libdaisy.a(sdram.o)
                0x0000000008001380                SdramHandle::DeviceInit()
 .text._ZN11SdramHandle4InitEv
                0x0000000008001418       0x7c ../../libDaisy//build/libdaisy.a(sdram.o)
                0x0000000008001418                SdramHandle::Init()
 .text.HAL_SDRAM_MspInit
                0x0000000008001494      0x1a8 ../../libDaisy//build/libdaisy.a(sdram.o)
                0x0000000008001494                HAL_SDRAM_MspInit
 .text._ZN5daisy11AudioHandle4Impl16InternalCallbackEPlS2_j
                0x000000000800163c      0xbbc ../../libDaisy//build/libdaisy.a(audio.o)
                0x000000000800163c                daisy::AudioHandle::Impl::InternalCallback(long*, long*, unsigned int)
 .text._ZN5daisy11AudioHandle4InitERKNS0_6ConfigENS_9SaiHandleE
                0x00000000080021f8       0x70 ../../libDaisy//build/libdaisy.a(audio.o)
                0x00000000080021f8                daisy::AudioHandle::Init(daisy::AudioHandle::Config const&, daisy::SaiHandle)
 .text._ZNK5daisy11AudioHandle9GetConfigEv
                0x0000000008002268        0x8 ../../libDaisy//build/libdaisy.a(audio.o)
                0x0000000008002268                daisy::AudioHandle::GetConfig() const
 .text._ZN5daisy11AudioHandle12SetBlockSizeEj
                0x0000000008002270       0x1c ../../libDaisy//build/libdaisy.a(audio.o)
                0x0000000008002270                daisy::AudioHandle::SetBlockSize(unsigned int)
 .text._ZN5daisy11AudioHandle13GetSampleRateEv
                0x000000000800228c        0x8 ../../libDaisy//build/libdaisy.a(audio.o)
                0x000000000800228c                daisy::AudioHandle::GetSampleRate()
 .text._ZN5daisy11AudioHandle5StartEPFvPKPKfPPfjE
                0x0000000008002294       0x44 ../../libDaisy//build/libdaisy.a(audio.o)
                0x0000000008002294                daisy::AudioHandle::Start(void (*)(float const* const*, float**, unsigned int))
 .text.startup._GLOBAL__sub_I__ZN5daisy11AudioHandle4Impl4InitENS0_6ConfigENS_9SaiHandleE
                0x00000000080022d8       0x24 ../../libDaisy//build/libdaisy.a(audio.o)
 .text._ZN5daisy6Switch4InitE12dsy_gpio_pinf
                0x00000000080022fc       0x34 ../../libDaisy//build/libdaisy.a(switch.o)
                0x00000000080022fc                daisy::Switch::Init(dsy_gpio_pin, float)
 .text._ZN5daisy6Switch8DebounceEv
                0x0000000008002330       0x5c ../../libDaisy//build/libdaisy.a(switch.o)
                0x0000000008002330                daisy::Switch::Debounce()
 .text._ZN5daisy4GPIO4InitENS_3PinENS0_4ModeENS0_4PullENS0_5SpeedE
                0x000000000800238c      0x1cc ../../libDaisy//build/libdaisy.a(gpio.o)
                0x000000000800238c                daisy::GPIO::Init(daisy::Pin, daisy::GPIO::Mode, daisy::GPIO::Pull, daisy::GPIO::Speed)
 .text._ZN5daisy4GPIO4ReadEv
                0x0000000008002558       0x18 ../../libDaisy//build/libdaisy.a(gpio.o)
                0x0000000008002558                daisy::GPIO::Read()
 .text._ZN5daisy4GPIO5WriteEb
                0x0000000008002570       0x14 ../../libDaisy//build/libdaisy.a(gpio.o)
                0x0000000008002570                daisy::GPIO::Write(bool)
 .text.dsy_gpio_init
                0x0000000008002584      0x1b8 ../../libDaisy//build/libdaisy.a(gpio.o)
                0x0000000008002584                dsy_gpio_init
 .text.dsy_gpio_read
                0x000000000800273c       0x1c ../../libDaisy//build/libdaisy.a(gpio.o)
                0x000000000800273c                dsy_gpio_read
 .text.dsy_gpio_write
                0x0000000008002758       0x24 ../../libDaisy//build/libdaisy.a(gpio.o)
                0x0000000008002758                dsy_gpio_write
 .text._ZN5daisy9I2CHandle4Impl8InitPinsEv
                0x000000000800277c       0x58 ../../libDaisy//build/libdaisy.a(i2c.o)
                0x000000000800277c                daisy::I2CHandle::Impl::InitPins()
 .text.HAL_I2C_MspInit
                0x00000000080027d4      0x1b4 ../../libDaisy//build/libdaisy.a(i2c.o)
                0x00000000080027d4                HAL_I2C_MspInit
 .text.dsy_i2c_global_init
                0x0000000008002988       0x78 ../../libDaisy//build/libdaisy.a(i2c.o)
                0x0000000008002988                dsy_i2c_global_init
 .text.DMA1_Stream6_IRQHandler
                0x0000000008002a00       0x34 ../../libDaisy//build/libdaisy.a(i2c.o)
                0x0000000008002a00                DMA1_Stream6_IRQHandler
 .text.I2C1_EV_IRQHandler
                0x0000000008002a34        0xc ../../libDaisy//build/libdaisy.a(i2c.o)
                0x0000000008002a34                I2C1_EV_IRQHandler
 .text.I2C2_EV_IRQHandler
                0x0000000008002a40        0xc ../../libDaisy//build/libdaisy.a(i2c.o)
                0x0000000008002a40                I2C2_EV_IRQHandler
 .text.I2C3_EV_IRQHandler
                0x0000000008002a4c        0xc ../../libDaisy//build/libdaisy.a(i2c.o)
                0x0000000008002a4c                I2C3_EV_IRQHandler
 .text._ZN5daisy9I2CHandle4InitERKNS0_6ConfigE
                0x0000000008002a58      0x12c ../../libDaisy//build/libdaisy.a(i2c.o)
                0x0000000008002a58                daisy::I2CHandle::Init(daisy::I2CHandle::Config const&)
 .text._ZN5daisy9I2CHandle16TransmitBlockingEtPhtm
                0x0000000008002b84       0x50 ../../libDaisy//build/libdaisy.a(i2c.o)
                0x0000000008002b84                daisy::I2CHandle::TransmitBlocking(unsigned short, unsigned char*, unsigned short, unsigned long)
 .text.startup._GLOBAL__sub_I__ZN5daisy9I2CHandle4Impl10GlobalInitEv
                0x0000000008002bd4       0x18 ../../libDaisy//build/libdaisy.a(i2c.o)
 .text._ZN5daisy10QSPIHandle4Impl11WriteEnableEv
                0x0000000008002bec       0x8c ../../libDaisy//build/libdaisy.a(qspi.o)
                0x0000000008002bec                daisy::QSPIHandle::Impl::WriteEnable()
 .text._ZN5daisy10QSPIHandle4Impl17DummyCyclesConfigENS0_6Config6DeviceE
                0x0000000008002c78      0x118 ../../libDaisy//build/libdaisy.a(qspi.o)
                0x0000000008002c78                daisy::QSPIHandle::Impl::DummyCyclesConfig(daisy::QSPIHandle::Config::Device)
 .text._ZN5daisy10QSPIHandle4Impl10QuadEnableEv
                0x0000000008002d90      0x158 ../../libDaisy//build/libdaisy.a(qspi.o)
                0x0000000008002d90                daisy::QSPIHandle::Impl::QuadEnable()
 .text._ZN5daisy10QSPIHandle4InitERKNS0_6ConfigE
                0x0000000008002ee8      0x198 ../../libDaisy//build/libdaisy.a(qspi.o)
                0x0000000008002ee8                daisy::QSPIHandle::Init(daisy::QSPIHandle::Config const&)
 .text.HAL_QSPI_MspInit
                0x0000000008003080      0x11c ../../libDaisy//build/libdaisy.a(qspi.o)
                0x0000000008003080                HAL_QSPI_MspInit
 .text.HAL_QSPI_MspDeInit
                0x000000000800319c       0x54 ../../libDaisy//build/libdaisy.a(qspi.o)
                0x000000000800319c                HAL_QSPI_MspDeInit
 .text.QUADSPI_IRQHandler
                0x00000000080031f0        0xc ../../libDaisy//build/libdaisy.a(qspi.o)
                0x00000000080031f0                QUADSPI_IRQHandler
 .text.startup._GLOBAL__sub_I__ZN5daisy10QSPIHandle4Impl4InitERKNS0_6ConfigE
                0x00000000080031fc       0x28 ../../libDaisy//build/libdaisy.a(qspi.o)
 .text._ZN5daisy9SaiHandle4Impl7InitDmaENS1_15PeripheralBlockE
                0x0000000008003224       0xa0 ../../libDaisy//build/libdaisy.a(sai.o)
                0x0000000008003224                daisy::SaiHandle::Impl::InitDma(daisy::SaiHandle::Impl::PeripheralBlock)
 .text._ZN5daisy9SaiHandle4Impl8InitPinsEv
                0x00000000080032c4       0xa8 ../../libDaisy//build/libdaisy.a(sai.o)
                0x00000000080032c4                daisy::SaiHandle::Impl::InitPins()
 .text.HAL_SAI_MspInit
                0x000000000800336c      0x164 ../../libDaisy//build/libdaisy.a(sai.o)
                0x000000000800336c                HAL_SAI_MspInit
 .text.DMA1_Stream0_IRQHandler
                0x00000000080034d0        0xc ../../libDaisy//build/libdaisy.a(sai.o)
                0x00000000080034d0                DMA1_Stream0_IRQHandler
 .text.DMA1_Stream1_IRQHandler
                0x00000000080034dc        0xc ../../libDaisy//build/libdaisy.a(sai.o)
                0x00000000080034dc                DMA1_Stream1_IRQHandler
 .text.DMA1_Stream3_IRQHandler
                0x00000000080034e8        0xc ../../libDaisy//build/libdaisy.a(sai.o)
                0x00000000080034e8                DMA1_Stream3_IRQHandler
 .text.DMA1_Stream4_IRQHandler
                0x00000000080034f4        0xc ../../libDaisy//build/libdaisy.a(sai.o)
                0x00000000080034f4                DMA1_Stream4_IRQHandler
 .text.HAL_SAI_RxHalfCpltCallback
                0x0000000008003500       0x78 ../../libDaisy//build/libdaisy.a(sai.o)
                0x0000000008003500                HAL_SAI_RxHalfCpltCallback
 .text.HAL_SAI_RxCpltCallback
                0x0000000008003578       0x70 ../../libDaisy//build/libdaisy.a(sai.o)
                0x0000000008003578                HAL_SAI_RxCpltCallback
 .text._ZN5daisy9SaiHandle4InitERKNS0_6ConfigE
                0x00000000080035e8      0x1f0 ../../libDaisy//build/libdaisy.a(sai.o)
                0x00000000080035e8                daisy::SaiHandle::Init(daisy::SaiHandle::Config const&)
 .text._ZNK5daisy9SaiHandle9GetConfigEv
                0x00000000080037d8        0x4 ../../libDaisy//build/libdaisy.a(sai.o)
                0x00000000080037d8                daisy::SaiHandle::GetConfig() const
 .text._ZN5daisy9SaiHandle8StartDmaEPlS1_jPFvS1_S1_jE
                0x00000000080037dc       0xbc ../../libDaisy//build/libdaisy.a(sai.o)
                0x00000000080037dc                daisy::SaiHandle::StartDma(long*, long*, unsigned int, void (*)(long*, long*, unsigned int))
 .text._ZN5daisy9SaiHandle13GetSampleRateEv
                0x0000000008003898       0x24 ../../libDaisy//build/libdaisy.a(sai.o)
                0x0000000008003898                daisy::SaiHandle::GetSampleRate()
 .text._ZNK5daisy9SaiHandle9GetOffsetEv
                0x00000000080038bc        0x8 ../../libDaisy//build/libdaisy.a(sai.o)
                0x00000000080038bc                daisy::SaiHandle::GetOffset() const
 .text._ZN5daisy11TimerHandleD2Ev
                0x00000000080038c4        0x4 ../../libDaisy//build/libdaisy.a(system.o)
                0x00000000080038c4                daisy::TimerHandle::~TimerHandle()
                0x00000000080038c4                daisy::TimerHandle::~TimerHandle()
 .text.SysTick_Handler
                0x00000000080038c8       0x10 ../../libDaisy//build/libdaisy.a(system.o)
                0x00000000080038c8                SysTick_Handler
 .text.OTG_HS_EP1_OUT_IRQHandler
                0x00000000080038d8       0x24 ../../libDaisy//build/libdaisy.a(system.o)
                0x00000000080038d8                OTG_HS_EP1_OUT_IRQHandler
 .text.OTG_HS_EP1_IN_IRQHandler
                0x00000000080038fc       0x24 ../../libDaisy//build/libdaisy.a(system.o)
                0x00000000080038fc                OTG_HS_EP1_IN_IRQHandler
 .text.OTG_HS_IRQHandler
                0x0000000008003920       0x24 ../../libDaisy//build/libdaisy.a(system.o)
                0x0000000008003920                OTG_HS_IRQHandler
 .text.HardFault_Handler
                0x0000000008003944       0xe0 ../../libDaisy//build/libdaisy.a(system.o)
                0x0000000008003944                HardFault_Handler
 .text._ZN5daisy6System6GetNowEv
                0x0000000008003a24        0x4 ../../libDaisy//build/libdaisy.a(system.o)
                0x0000000008003a24                daisy::System::GetNow()
 .text._ZN5daisy6System5DelayEm
                0x0000000008003a28        0x4 ../../libDaisy//build/libdaisy.a(system.o)
                0x0000000008003a28                daisy::System::Delay(unsigned long)
 .text._ZN5daisy6System20GetBootloaderVersionEv
                0x0000000008003a2c       0x34 ../../libDaisy//build/libdaisy.a(system.o)
                0x0000000008003a2c                daisy::System::GetBootloaderVersion()
 .text._ZN5daisy6System15ConfigureClocksEv
                0x0000000008003a60      0x194 ../../libDaisy//build/libdaisy.a(system.o)
                0x0000000008003a60                daisy::System::ConfigureClocks()
 .text._ZN5daisy6System12ConfigureMpuEv
                0x0000000008003bf4       0x7c ../../libDaisy//build/libdaisy.a(system.o)
                0x0000000008003bf4                daisy::System::ConfigureMpu()
 .text._ZN5daisy6System4InitERKNS0_6ConfigE
                0x0000000008003c70       0xec ../../libDaisy//build/libdaisy.a(system.o)
                0x0000000008003c70                daisy::System::Init(daisy::System::Config const&)
 .text._ZN5daisy6System12GetPClk1FreqEv
                0x0000000008003d5c        0x4 ../../libDaisy//build/libdaisy.a(system.o)
                0x0000000008003d5c                daisy::System::GetPClk1Freq()
 .text._ZN5daisy6System22GetProgramMemoryRegionEv
                0x0000000008003d60       0x78 ../../libDaisy//build/libdaisy.a(system.o)
                0x0000000008003d60                daisy::System::GetProgramMemoryRegion()
 .text.startup._GLOBAL__sub_I__ZN5daisy9boot_infoE
                0x0000000008003dd8       0x1c ../../libDaisy//build/libdaisy.a(system.o)
 .text.SystemInit
                0x0000000008003df4       0x9c ../../libDaisy//build/libdaisy.a(system_stm32h7xx.o)
                0x0000000008003df4                SystemInit
 .text.HAL_PCD_SetupStageCallback
                0x0000000008003e90        0xc ../../libDaisy//build/libdaisy.a(usbd_conf.o)
                0x0000000008003e90                HAL_PCD_SetupStageCallback
 .text.HAL_PCD_DataOutStageCallback
                0x0000000008003e9c       0x14 ../../libDaisy//build/libdaisy.a(usbd_conf.o)
                0x0000000008003e9c                HAL_PCD_DataOutStageCallback
 .text.HAL_PCD_DataInStageCallback
                0x0000000008003eb0       0x14 ../../libDaisy//build/libdaisy.a(usbd_conf.o)
                0x0000000008003eb0                HAL_PCD_DataInStageCallback
 .text.HAL_PCD_SOFCallback
                0x0000000008003ec4        0x8 ../../libDaisy//build/libdaisy.a(usbd_conf.o)
                0x0000000008003ec4                HAL_PCD_SOFCallback
 .text.HAL_PCD_ResetCallback
                0x0000000008003ecc       0x24 ../../libDaisy//build/libdaisy.a(usbd_conf.o)
                0x0000000008003ecc                HAL_PCD_ResetCallback
 .text.HAL_PCD_SuspendCallback
                0x0000000008003ef0       0x30 ../../libDaisy//build/libdaisy.a(usbd_conf.o)
                0x0000000008003ef0                HAL_PCD_SuspendCallback
 .text.HAL_PCD_ResumeCallback
                0x0000000008003f20        0x8 ../../libDaisy//build/libdaisy.a(usbd_conf.o)
                0x0000000008003f20                HAL_PCD_ResumeCallback
 .text.HAL_PCD_ISOOUTIncompleteCallback
                0x0000000008003f28        0x8 ../../libDaisy//build/libdaisy.a(usbd_conf.o)
                0x0000000008003f28                HAL_PCD_ISOOUTIncompleteCallback
 .text.HAL_PCD_ISOINIncompleteCallback
                0x0000000008003f30        0x8 ../../libDaisy//build/libdaisy.a(usbd_conf.o)
                0x0000000008003f30                HAL_PCD_ISOINIncompleteCallback
 .text.HAL_PCD_ConnectCallback
                0x0000000008003f38        0x8 ../../libDaisy//build/libdaisy.a(usbd_conf.o)
                0x0000000008003f38                HAL_PCD_ConnectCallback
 .text.HAL_PCD_DisconnectCallback
                0x0000000008003f40        0x8 ../../libDaisy//build/libdaisy.a(usbd_conf.o)
                0x0000000008003f40                HAL_PCD_DisconnectCallback
 .text.USBD_LL_OpenEP
                0x0000000008003f48       0x24 ../../libDaisy//build/libdaisy.a(usbd_conf.o)
                0x0000000008003f48                USBD_LL_OpenEP
 .text.USBD_LL_StallEP
                0x0000000008003f6c       0x1c ../../libDaisy//build/libdaisy.a(usbd_conf.o)
                0x0000000008003f6c                USBD_LL_StallEP
 .text.USBD_LL_ClearStallEP
                0x0000000008003f88       0x1c ../../libDaisy//build/libdaisy.a(usbd_conf.o)
                0x0000000008003f88                USBD_LL_ClearStallEP
 .text.USBD_LL_IsStallEP
                0x0000000008003fa4       0x28 ../../libDaisy//build/libdaisy.a(usbd_conf.o)
                0x0000000008003fa4                USBD_LL_IsStallEP
 .text.USBD_LL_SetUSBAddress
                0x0000000008003fcc       0x1c ../../libDaisy//build/libdaisy.a(usbd_conf.o)
                0x0000000008003fcc                USBD_LL_SetUSBAddress
 .text.USBD_LL_Transmit
                0x0000000008003fe8       0x1c ../../libDaisy//build/libdaisy.a(usbd_conf.o)
                0x0000000008003fe8                USBD_LL_Transmit
 .text.USBD_LL_PrepareReceive
                0x0000000008004004       0x1c ../../libDaisy//build/libdaisy.a(usbd_conf.o)
                0x0000000008004004                USBD_LL_PrepareReceive
 .text.HAL_HCD_SOF_Callback
                0x0000000008004020        0x8 ../../libDaisy//build/libdaisy.a(usbh_conf.o)
                0x0000000008004020                HAL_HCD_SOF_Callback
 .text.HAL_HCD_Connect_Callback
                0x0000000008004028        0x8 ../../libDaisy//build/libdaisy.a(usbh_conf.o)
                0x0000000008004028                HAL_HCD_Connect_Callback
 .text.HAL_HCD_Disconnect_Callback
                0x0000000008004030        0x8 ../../libDaisy//build/libdaisy.a(usbh_conf.o)
                0x0000000008004030                HAL_HCD_Disconnect_Callback
 .text.HAL_HCD_HC_NotifyURBChange_Callback
                0x0000000008004038        0x4 ../../libDaisy//build/libdaisy.a(usbh_conf.o)
                0x0000000008004038                HAL_HCD_HC_NotifyURBChange_Callback
 .text.HAL_HCD_PortEnabled_Callback
                0x000000000800403c        0x8 ../../libDaisy//build/libdaisy.a(usbh_conf.o)
                0x000000000800403c                HAL_HCD_PortEnabled_Callback
 .text.HAL_HCD_PortDisabled_Callback
                0x0000000008004044        0x8 ../../libDaisy//build/libdaisy.a(usbh_conf.o)
                0x0000000008004044                HAL_HCD_PortDisabled_Callback
 .text.USBH_LL_Stop
                0x000000000800404c       0x1c ../../libDaisy//build/libdaisy.a(usbh_conf.o)
                0x000000000800404c                USBH_LL_Stop
 .text.dsy_hal_map_get_port
                0x0000000008004068       0x10 ../../libDaisy//build/libdaisy.a(hal_map.o)
                0x0000000008004068                dsy_hal_map_get_port
 .text.dsy_hal_map_get_pin
                0x0000000008004078       0x10 ../../libDaisy//build/libdaisy.a(hal_map.o)
                0x0000000008004078                dsy_hal_map_get_pin
 .text.dsy_hal_map_gpio_clk_enable
                0x0000000008004088      0x150 ../../libDaisy//build/libdaisy.a(hal_map.o)
                0x0000000008004088                dsy_hal_map_gpio_clk_enable
 .text.HAL_MspInit
                0x00000000080041d8        0x4 ../../libDaisy//build/libdaisy.a(stm32h7xx_hal.o)
                0x00000000080041d8                HAL_MspInit
 .text.HAL_InitTick
                0x00000000080041dc       0x4c ../../libDaisy//build/libdaisy.a(stm32h7xx_hal.o)
                0x00000000080041dc                HAL_InitTick
 .text.HAL_Init
                0x0000000008004228       0x60 ../../libDaisy//build/libdaisy.a(stm32h7xx_hal.o)
                0x0000000008004228                HAL_Init
 .text.HAL_IncTick
                0x0000000008004288       0x18 ../../libDaisy//build/libdaisy.a(stm32h7xx_hal.o)
                0x0000000008004288                HAL_IncTick
 .text.HAL_GetTick
                0x00000000080042a0        0xc ../../libDaisy//build/libdaisy.a(stm32h7xx_hal.o)
                0x00000000080042a0                HAL_GetTick
 .text.HAL_Delay
                0x00000000080042ac       0x24 ../../libDaisy//build/libdaisy.a(stm32h7xx_hal.o)
                0x00000000080042ac                HAL_Delay
 .text.HAL_GetREVID
                0x00000000080042d0        0xc ../../libDaisy//build/libdaisy.a(stm32h7xx_hal.o)
                0x00000000080042d0                HAL_GetREVID
 .text.HAL_NVIC_SetPriorityGrouping
                0x00000000080042dc       0x24 ../../libDaisy//build/libdaisy.a(stm32h7xx_hal_cortex.o)
                0x00000000080042dc                HAL_NVIC_SetPriorityGrouping
 .text.HAL_NVIC_SetPriority
                0x0000000008004300       0x7c ../../libDaisy//build/libdaisy.a(stm32h7xx_hal_cortex.o)
                0x0000000008004300                HAL_NVIC_SetPriority
 .text.HAL_NVIC_EnableIRQ
                0x000000000800437c       0x1c ../../libDaisy//build/libdaisy.a(stm32h7xx_hal_cortex.o)
                0x000000000800437c                HAL_NVIC_EnableIRQ
 .text.HAL_NVIC_DisableIRQ
                0x0000000008004398       0x28 ../../libDaisy//build/libdaisy.a(stm32h7xx_hal_cortex.o)
                0x0000000008004398                HAL_NVIC_DisableIRQ
 .text.HAL_SYSTICK_Config
                0x00000000080043c0       0x2c ../../libDaisy//build/libdaisy.a(stm32h7xx_hal_cortex.o)
                0x00000000080043c0                HAL_SYSTICK_Config
 .text.HAL_MPU_Disable
                0x00000000080043ec       0x1c ../../libDaisy//build/libdaisy.a(stm32h7xx_hal_cortex.o)
                0x00000000080043ec                HAL_MPU_Disable
 .text.HAL_MPU_Enable
                0x0000000008004408       0x20 ../../libDaisy//build/libdaisy.a(stm32h7xx_hal_cortex.o)
                0x0000000008004408                HAL_MPU_Enable
 .text.HAL_MPU_ConfigRegion
                0x0000000008004428       0x64 ../../libDaisy//build/libdaisy.a(stm32h7xx_hal_cortex.o)
                0x0000000008004428                HAL_MPU_ConfigRegion
 .text.HAL_SYSTICK_Callback
                0x000000000800448c        0x4 ../../libDaisy//build/libdaisy.a(stm32h7xx_hal_cortex.o)
                0x000000000800448c                HAL_SYSTICK_Callback
 .text.HAL_SYSTICK_IRQHandler
                0x0000000008004490        0x8 ../../libDaisy//build/libdaisy.a(stm32h7xx_hal_cortex.o)
                0x0000000008004490                HAL_SYSTICK_IRQHandler
 .text.DMA_CalcBaseAndBitshift
                0x0000000008004498       0xf4 ../../libDaisy//build/libdaisy.a(stm32h7xx_hal_dma.o)
 .text.DMA_CalcDMAMUXChannelBaseAndMask
                0x000000000800458c       0xd8 ../../libDaisy//build/libdaisy.a(stm32h7xx_hal_dma.o)
 .text.HAL_DMA_Init
                0x0000000008004664      0x37c ../../libDaisy//build/libdaisy.a(stm32h7xx_hal_dma.o)
                0x0000000008004664                HAL_DMA_Init
 .text.HAL_DMA_Start_IT
                0x00000000080049e0      0x240 ../../libDaisy//build/libdaisy.a(stm32h7xx_hal_dma.o)
                0x00000000080049e0                HAL_DMA_Start_IT
 .text.HAL_DMA_Abort_IT
                0x0000000008004c20      0x134 ../../libDaisy//build/libdaisy.a(stm32h7xx_hal_dma.o)
                0x0000000008004c20                HAL_DMA_Abort_IT
 .text.HAL_DMA_IRQHandler
                0x0000000008004d54      0x6a0 ../../libDaisy//build/libdaisy.a(stm32h7xx_hal_dma.o)
                0x0000000008004d54                HAL_DMA_IRQHandler
 .text.HAL_DMA_GetError
                0x00000000080053f4        0x4 ../../libDaisy//build/libdaisy.a(stm32h7xx_hal_dma.o)
                0x00000000080053f4                HAL_DMA_GetError
 .text.HAL_GPIO_Init
                0x00000000080053f8      0x280 ../../libDaisy//build/libdaisy.a(stm32h7xx_hal_gpio.o)
                0x00000000080053f8                HAL_GPIO_Init
 .text.HAL_GPIO_DeInit
                0x0000000008005678      0x190 ../../libDaisy//build/libdaisy.a(stm32h7xx_hal_gpio.o)
                0x0000000008005678                HAL_GPIO_DeInit
 .text.HAL_GPIO_ReadPin
                0x0000000008005808        0xc ../../libDaisy//build/libdaisy.a(stm32h7xx_hal_gpio.o)
                0x0000000008005808                HAL_GPIO_ReadPin
 .text.HAL_GPIO_WritePin
                0x0000000008005814        0x8 ../../libDaisy//build/libdaisy.a(stm32h7xx_hal_gpio.o)
                0x0000000008005814                HAL_GPIO_WritePin
 .text.HAL_HCD_IRQHandler
                0x000000000800581c      0x780 ../../libDaisy//build/libdaisy.a(stm32h7xx_hal_hcd.o)
                0x000000000800581c                HAL_HCD_IRQHandler
 .text.HAL_HCD_Stop
                0x0000000008005f9c       0x28 ../../libDaisy//build/libdaisy.a(stm32h7xx_hal_hcd.o)
                0x0000000008005f9c                HAL_HCD_Stop
 .text.I2C_WaitOnTXISFlagUntilTimeout
                0x0000000008005fc4       0xb8 ../../libDaisy//build/libdaisy.a(stm32h7xx_hal_i2c.o)
 .text.I2C_WaitOnSTOPFlagUntilTimeout
                0x000000000800607c       0xac ../../libDaisy//build/libdaisy.a(stm32h7xx_hal_i2c.o)
 .text.HAL_I2C_Init
                0x0000000008006128       0xac ../../libDaisy//build/libdaisy.a(stm32h7xx_hal_i2c.o)
                0x0000000008006128                HAL_I2C_Init
 .text.HAL_I2C_Master_Transmit
                0x00000000080061d4      0x1a8 ../../libDaisy//build/libdaisy.a(stm32h7xx_hal_i2c.o)
                0x00000000080061d4                HAL_I2C_Master_Transmit
 .text.HAL_I2C_Slave_Transmit
                0x000000000800637c      0x1c8 ../../libDaisy//build/libdaisy.a(stm32h7xx_hal_i2c.o)
                0x000000000800637c                HAL_I2C_Slave_Transmit
 .text.HAL_I2C_EV_IRQHandler
                0x0000000008006544       0x10 ../../libDaisy//build/libdaisy.a(stm32h7xx_hal_i2c.o)
                0x0000000008006544                HAL_I2C_EV_IRQHandler
 .text.HAL_I2C_GetState
                0x0000000008006554        0x8 ../../libDaisy//build/libdaisy.a(stm32h7xx_hal_i2c.o)
                0x0000000008006554                HAL_I2C_GetState
 .text.HAL_I2CEx_ConfigAnalogFilter
                0x000000000800655c       0x54 ../../libDaisy//build/libdaisy.a(stm32h7xx_hal_i2c_ex.o)
                0x000000000800655c                HAL_I2CEx_ConfigAnalogFilter
 .text.HAL_I2CEx_ConfigDigitalFilter
                0x00000000080065b0       0x58 ../../libDaisy//build/libdaisy.a(stm32h7xx_hal_i2c_ex.o)
                0x00000000080065b0                HAL_I2CEx_ConfigDigitalFilter
 .text.HAL_PCD_IRQHandler
                0x0000000008006608      0x69c ../../libDaisy//build/libdaisy.a(stm32h7xx_hal_pcd.o)
                0x0000000008006608                HAL_PCD_IRQHandler
 .text.HAL_PCD_SetAddress
                0x0000000008006ca4       0x2c ../../libDaisy//build/libdaisy.a(stm32h7xx_hal_pcd.o)
                0x0000000008006ca4                HAL_PCD_SetAddress
 .text.HAL_PCD_EP_Open
                0x0000000008006cd0       0x7c ../../libDaisy//build/libdaisy.a(stm32h7xx_hal_pcd.o)
                0x0000000008006cd0                HAL_PCD_EP_Open
 .text.HAL_PCD_EP_Receive
                0x0000000008006d4c       0x50 ../../libDaisy//build/libdaisy.a(stm32h7xx_hal_pcd.o)
                0x0000000008006d4c                HAL_PCD_EP_Receive
 .text.HAL_PCD_EP_Transmit
                0x0000000008006d9c       0x50 ../../libDaisy//build/libdaisy.a(stm32h7xx_hal_pcd.o)
                0x0000000008006d9c                HAL_PCD_EP_Transmit
 .text.HAL_PCD_EP_SetStall
                0x0000000008006dec       0x88 ../../libDaisy//build/libdaisy.a(stm32h7xx_hal_pcd.o)
                0x0000000008006dec                HAL_PCD_EP_SetStall
 .text.HAL_PCD_EP_ClrStall
                0x0000000008006e74       0x78 ../../libDaisy//build/libdaisy.a(stm32h7xx_hal_pcd.o)
                0x0000000008006e74                HAL_PCD_EP_ClrStall
 .text.HAL_PCDEx_LPM_Callback
                0x0000000008006eec        0x4 ../../libDaisy//build/libdaisy.a(stm32h7xx_hal_pcd_ex.o)
                0x0000000008006eec                HAL_PCDEx_LPM_Callback
 .text.HAL_PWREx_ConfigSupply
                0x0000000008006ef0       0x4c ../../libDaisy//build/libdaisy.a(stm32h7xx_hal_pwr_ex.o)
                0x0000000008006ef0                HAL_PWREx_ConfigSupply
 .text.HAL_PWREx_EnableUSBVoltageDetector
                0x0000000008006f3c       0x10 ../../libDaisy//build/libdaisy.a(stm32h7xx_hal_pwr_ex.o)
                0x0000000008006f3c                HAL_PWREx_EnableUSBVoltageDetector
 .text.QSPI_Config
                0x0000000008006f4c      0x174 ../../libDaisy//build/libdaisy.a(stm32h7xx_hal_qspi.o)
 .text.HAL_QSPI_Init
                0x00000000080070c0       0xd8 ../../libDaisy//build/libdaisy.a(stm32h7xx_hal_qspi.o)
                0x00000000080070c0                HAL_QSPI_Init
 .text.HAL_QSPI_DeInit
                0x0000000008007198       0x3c ../../libDaisy//build/libdaisy.a(stm32h7xx_hal_qspi.o)
                0x0000000008007198                HAL_QSPI_DeInit
 .text.HAL_QSPI_Command
                0x00000000080071d4       0xd4 ../../libDaisy//build/libdaisy.a(stm32h7xx_hal_qspi.o)
                0x00000000080071d4                HAL_QSPI_Command
 .text.HAL_QSPI_Transmit
                0x00000000080072a8       0xfc ../../libDaisy//build/libdaisy.a(stm32h7xx_hal_qspi.o)
                0x00000000080072a8                HAL_QSPI_Transmit
 .text.HAL_QSPI_Receive
                0x00000000080073a4      0x108 ../../libDaisy//build/libdaisy.a(stm32h7xx_hal_qspi.o)
                0x00000000080073a4                HAL_QSPI_Receive
 .text.HAL_QSPI_AutoPolling
                0x00000000080074ac       0xf0 ../../libDaisy//build/libdaisy.a(stm32h7xx_hal_qspi.o)
                0x00000000080074ac                HAL_QSPI_AutoPolling
 .text.HAL_QSPI_MemoryMapped
                0x000000000800759c       0xc0 ../../libDaisy//build/libdaisy.a(stm32h7xx_hal_qspi.o)
                0x000000000800759c                HAL_QSPI_MemoryMapped
 .text.HAL_QSPI_ErrorCallback
                0x000000000800765c        0x4 ../../libDaisy//build/libdaisy.a(stm32h7xx_hal_qspi.o)
                0x000000000800765c                HAL_QSPI_ErrorCallback
 .text.QSPI_DMAAbortCplt
                0x0000000008007660       0x38 ../../libDaisy//build/libdaisy.a(stm32h7xx_hal_qspi.o)
 .text.HAL_QSPI_AbortCpltCallback
                0x0000000008007698        0x4 ../../libDaisy//build/libdaisy.a(stm32h7xx_hal_qspi.o)
                0x0000000008007698                HAL_QSPI_AbortCpltCallback
 .text.HAL_QSPI_CmdCpltCallback
                0x000000000800769c        0x4 ../../libDaisy//build/libdaisy.a(stm32h7xx_hal_qspi.o)
                0x000000000800769c                HAL_QSPI_CmdCpltCallback
 .text.HAL_QSPI_RxCpltCallback
                0x00000000080076a0        0x4 ../../libDaisy//build/libdaisy.a(stm32h7xx_hal_qspi.o)
                0x00000000080076a0                HAL_QSPI_RxCpltCallback
 .text.HAL_QSPI_TxCpltCallback
                0x00000000080076a4        0x4 ../../libDaisy//build/libdaisy.a(stm32h7xx_hal_qspi.o)
                0x00000000080076a4                HAL_QSPI_TxCpltCallback
 .text.HAL_QSPI_FifoThresholdCallback
                0x00000000080076a8        0x4 ../../libDaisy//build/libdaisy.a(stm32h7xx_hal_qspi.o)
                0x00000000080076a8                HAL_QSPI_FifoThresholdCallback
 .text.HAL_QSPI_StatusMatchCallback
                0x00000000080076ac        0x4 ../../libDaisy//build/libdaisy.a(stm32h7xx_hal_qspi.o)
                0x00000000080076ac                HAL_QSPI_StatusMatchCallback
 .text.HAL_QSPI_TimeOutCallback
                0x00000000080076b0        0x4 ../../libDaisy//build/libdaisy.a(stm32h7xx_hal_qspi.o)
                0x00000000080076b0                HAL_QSPI_TimeOutCallback
 .text.HAL_QSPI_IRQHandler
                0x00000000080076b4      0x210 ../../libDaisy//build/libdaisy.a(stm32h7xx_hal_qspi.o)
                0x00000000080076b4                HAL_QSPI_IRQHandler
 .text.HAL_RCC_OscConfig
                0x00000000080078c4      0x51c ../../libDaisy//build/libdaisy.a(stm32h7xx_hal_rcc.o)
                0x00000000080078c4                HAL_RCC_OscConfig
 .text.HAL_RCC_GetSysClockFreq
                0x0000000008007de0      0x140 ../../libDaisy//build/libdaisy.a(stm32h7xx_hal_rcc.o)
                0x0000000008007de0                HAL_RCC_GetSysClockFreq
 .text.HAL_RCC_ClockConfig
                0x0000000008007f20      0x234 ../../libDaisy//build/libdaisy.a(stm32h7xx_hal_rcc.o)
                0x0000000008007f20                HAL_RCC_ClockConfig
 .text.HAL_RCC_GetHCLKFreq
                0x0000000008008154       0x2c ../../libDaisy//build/libdaisy.a(stm32h7xx_hal_rcc.o)
                0x0000000008008154                HAL_RCC_GetHCLKFreq
 .text.HAL_RCC_GetPCLK1Freq
                0x0000000008008180       0x38 ../../libDaisy//build/libdaisy.a(stm32h7xx_hal_rcc.o)
                0x0000000008008180                HAL_RCC_GetPCLK1Freq
 .text.HAL_RCC_GetPCLK2Freq
                0x00000000080081b8       0x38 ../../libDaisy//build/libdaisy.a(stm32h7xx_hal_rcc.o)
                0x00000000080081b8                HAL_RCC_GetPCLK2Freq
 .text.RCCEx_PLL2_Config
                0x00000000080081f0       0xf4 ../../libDaisy//build/libdaisy.a(stm32h7xx_hal_rcc_ex.o)
 .text.RCCEx_PLL3_Config
                0x00000000080082e4       0xf4 ../../libDaisy//build/libdaisy.a(stm32h7xx_hal_rcc_ex.o)
 .text.HAL_RCCEx_PeriphCLKConfig
                0x00000000080083d8      0xa7c ../../libDaisy//build/libdaisy.a(stm32h7xx_hal_rcc_ex.o)
                0x00000000080083d8                HAL_RCCEx_PeriphCLKConfig
 .text.HAL_RCCEx_GetD3PCLK1Freq
                0x0000000008008e54       0x24 ../../libDaisy//build/libdaisy.a(stm32h7xx_hal_rcc_ex.o)
                0x0000000008008e54                HAL_RCCEx_GetD3PCLK1Freq
 .text.HAL_RCCEx_GetPLL2ClockFreq
                0x0000000008008e78      0x17c ../../libDaisy//build/libdaisy.a(stm32h7xx_hal_rcc_ex.o)
                0x0000000008008e78                HAL_RCCEx_GetPLL2ClockFreq
 .text.HAL_RCCEx_GetPLL3ClockFreq
                0x0000000008008ff4      0x17c ../../libDaisy//build/libdaisy.a(stm32h7xx_hal_rcc_ex.o)
                0x0000000008008ff4                HAL_RCCEx_GetPLL3ClockFreq
 .text.HAL_RCCEx_GetPLL1ClockFreq
                0x0000000008009170      0x17c ../../libDaisy//build/libdaisy.a(stm32h7xx_hal_rcc_ex.o)
                0x0000000008009170                HAL_RCCEx_GetPLL1ClockFreq
 .text.HAL_RCCEx_GetPeriphCLKFreq
                0x00000000080092ec      0x198 ../../libDaisy//build/libdaisy.a(stm32h7xx_hal_rcc_ex.o)
                0x00000000080092ec                HAL_RCCEx_GetPeriphCLKFreq
 .text.HAL_RCCEx_GetD1SysClockFreq
                0x0000000008009484       0x2c ../../libDaisy//build/libdaisy.a(stm32h7xx_hal_rcc_ex.o)
                0x0000000008009484                HAL_RCCEx_GetD1SysClockFreq
 .text.HAL_SAI_Init.part.0
                0x00000000080094b0      0x348 ../../libDaisy//build/libdaisy.a(stm32h7xx_hal_sai.o)
 .text.HAL_SAI_InitProtocol
                0x00000000080097f8      0x178 ../../libDaisy//build/libdaisy.a(stm32h7xx_hal_sai.o)
                0x00000000080097f8                HAL_SAI_InitProtocol
 .text.HAL_SAI_Transmit_DMA
                0x0000000008009970      0x124 ../../libDaisy//build/libdaisy.a(stm32h7xx_hal_sai.o)
                0x0000000008009970                HAL_SAI_Transmit_DMA
 .text.HAL_SAI_Receive_DMA
                0x0000000008009a94       0xd0 ../../libDaisy//build/libdaisy.a(stm32h7xx_hal_sai.o)
                0x0000000008009a94                HAL_SAI_Receive_DMA
 .text.HAL_SAI_TxCpltCallback
                0x0000000008009b64        0x4 ../../libDaisy//build/libdaisy.a(stm32h7xx_hal_sai.o)
                0x0000000008009b64                HAL_SAI_TxCpltCallback
 .text.SAI_DMATxCplt
                0x0000000008009b68       0x64 ../../libDaisy//build/libdaisy.a(stm32h7xx_hal_sai.o)
 .text.HAL_SAI_TxHalfCpltCallback
                0x0000000008009bcc        0x4 ../../libDaisy//build/libdaisy.a(stm32h7xx_hal_sai.o)
                0x0000000008009bcc                HAL_SAI_TxHalfCpltCallback
 .text.SAI_DMATxHalfCplt
                0x0000000008009bd0        0xc ../../libDaisy//build/libdaisy.a(stm32h7xx_hal_sai.o)
 .text.SAI_DMARxCplt
                0x0000000008009bdc       0x64 ../../libDaisy//build/libdaisy.a(stm32h7xx_hal_sai.o)
 .text.SAI_DMARxHalfCplt
                0x0000000008009c40        0xc ../../libDaisy//build/libdaisy.a(stm32h7xx_hal_sai.o)
 .text.HAL_SAI_ErrorCallback
                0x0000000008009c4c        0x4 ../../libDaisy//build/libdaisy.a(stm32h7xx_hal_sai.o)
                0x0000000008009c4c                HAL_SAI_ErrorCallback
 .text.SAI_DMAError
                0x0000000008009c50       0x6c ../../libDaisy//build/libdaisy.a(stm32h7xx_hal_sai.o)
 .text.HAL_SDRAM_Init
                0x0000000008009cbc       0x54 ../../libDaisy//build/libdaisy.a(stm32h7xx_hal_sdram.o)
                0x0000000008009cbc                HAL_SDRAM_Init
 .text.HAL_SDRAM_SendCommand
                0x0000000008009d10       0x40 ../../libDaisy//build/libdaisy.a(stm32h7xx_hal_sdram.o)
                0x0000000008009d10                HAL_SDRAM_SendCommand
 .text.HAL_SDRAM_ProgramRefreshRate
                0x0000000008009d50       0x30 ../../libDaisy//build/libdaisy.a(stm32h7xx_hal_sdram.o)
                0x0000000008009d50                HAL_SDRAM_ProgramRefreshRate
 .text.FMC_SDRAM_Init
                0x0000000008009d80       0x7c ../../libDaisy//build/libdaisy.a(stm32h7xx_ll_fmc.o)
                0x0000000008009d80                FMC_SDRAM_Init
 .text.FMC_SDRAM_Timing_Init
                0x0000000008009dfc       0x98 ../../libDaisy//build/libdaisy.a(stm32h7xx_ll_fmc.o)
                0x0000000008009dfc                FMC_SDRAM_Timing_Init
 .text.FMC_SDRAM_SendCommand
                0x0000000008009e94       0x28 ../../libDaisy//build/libdaisy.a(stm32h7xx_ll_fmc.o)
                0x0000000008009e94                FMC_SDRAM_SendCommand
 .text.FMC_SDRAM_ProgramRefreshRate
                0x0000000008009ebc       0x1c ../../libDaisy//build/libdaisy.a(stm32h7xx_ll_fmc.o)
                0x0000000008009ebc                FMC_SDRAM_ProgramRefreshRate
 .text.USB_SetTurnaroundTime
                0x0000000008009ed8      0x104 ../../libDaisy//build/libdaisy.a(stm32h7xx_ll_usb.o)
                0x0000000008009ed8                USB_SetTurnaroundTime
 .text.USB_FlushTxFifo
                0x0000000008009fdc       0x34 ../../libDaisy//build/libdaisy.a(stm32h7xx_ll_usb.o)
                0x0000000008009fdc                USB_FlushTxFifo
 .text.USB_GetDevSpeed
                0x000000000800a010       0x24 ../../libDaisy//build/libdaisy.a(stm32h7xx_ll_usb.o)
                0x000000000800a010                USB_GetDevSpeed
 .text.USB_ActivateEndpoint
                0x000000000800a034       0x90 ../../libDaisy//build/libdaisy.a(stm32h7xx_ll_usb.o)
                0x000000000800a034                USB_ActivateEndpoint
 .text.USB_EPStartXfer
                0x000000000800a0c4      0x230 ../../libDaisy//build/libdaisy.a(stm32h7xx_ll_usb.o)
                0x000000000800a0c4                USB_EPStartXfer
 .text.USB_EP0StartXfer
                0x000000000800a2f4      0x174 ../../libDaisy//build/libdaisy.a(stm32h7xx_ll_usb.o)
                0x000000000800a2f4                USB_EP0StartXfer
 .text.USB_WritePacket
                0x000000000800a468       0x2c ../../libDaisy//build/libdaisy.a(stm32h7xx_ll_usb.o)
                0x000000000800a468                USB_WritePacket
 .text.USB_ReadPacket
                0x000000000800a494       0x20 ../../libDaisy//build/libdaisy.a(stm32h7xx_ll_usb.o)
                0x000000000800a494                USB_ReadPacket
 .text.USB_EPSetStall
                0x000000000800a4b4       0x68 ../../libDaisy//build/libdaisy.a(stm32h7xx_ll_usb.o)
                0x000000000800a4b4                USB_EPSetStall
 .text.USB_EPClearStall
                0x000000000800a51c       0x58 ../../libDaisy//build/libdaisy.a(stm32h7xx_ll_usb.o)
                0x000000000800a51c                USB_EPClearStall
 .text.USB_SetDevAddress
                0x000000000800a574       0x24 ../../libDaisy//build/libdaisy.a(stm32h7xx_ll_usb.o)
                0x000000000800a574                USB_SetDevAddress
 .text.USB_ReadInterrupts
                0x000000000800a598       0x14 ../../libDaisy//build/libdaisy.a(stm32h7xx_ll_usb.o)
                0x000000000800a598                USB_ReadInterrupts
 .text.USB_ReadDevAllOutEpInterrupt
                0x000000000800a5ac       0x1c ../../libDaisy//build/libdaisy.a(stm32h7xx_ll_usb.o)
                0x000000000800a5ac                USB_ReadDevAllOutEpInterrupt
 .text.USB_ReadDevAllInEpInterrupt
                0x000000000800a5c8       0x1c ../../libDaisy//build/libdaisy.a(stm32h7xx_ll_usb.o)
                0x000000000800a5c8                USB_ReadDevAllInEpInterrupt
 .text.USB_ReadDevOutEPInterrupt
                0x000000000800a5e4       0x1c ../../libDaisy//build/libdaisy.a(stm32h7xx_ll_usb.o)
                0x000000000800a5e4                USB_ReadDevOutEPInterrupt
 .text.USB_ReadDevInEPInterrupt
                0x000000000800a600       0x38 ../../libDaisy//build/libdaisy.a(stm32h7xx_ll_usb.o)
                0x000000000800a600                USB_ReadDevInEPInterrupt
 .text.USB_GetMode
                0x000000000800a638        0x8 ../../libDaisy//build/libdaisy.a(stm32h7xx_ll_usb.o)
                0x000000000800a638                USB_GetMode
 .text.USB_ActivateSetup
                0x000000000800a640       0x38 ../../libDaisy//build/libdaisy.a(stm32h7xx_ll_usb.o)
                0x000000000800a640                USB_ActivateSetup
 .text.USB_EP0_OutStart
                0x000000000800a678       0x58 ../../libDaisy//build/libdaisy.a(stm32h7xx_ll_usb.o)
                0x000000000800a678                USB_EP0_OutStart
 .text.USB_InitFSLSPClkSel
                0x000000000800a6d0       0x44 ../../libDaisy//build/libdaisy.a(stm32h7xx_ll_usb.o)
                0x000000000800a6d0                USB_InitFSLSPClkSel
 .text.USB_HC_ReadInterrupt
                0x000000000800a714        0x8 ../../libDaisy//build/libdaisy.a(stm32h7xx_ll_usb.o)
                0x000000000800a714                USB_HC_ReadInterrupt
 .text.USB_HC_Halt
                0x000000000800a71c       0xc0 ../../libDaisy//build/libdaisy.a(stm32h7xx_ll_usb.o)
                0x000000000800a71c                USB_HC_Halt
 .text.USB_StopHost
                0x000000000800a7dc      0x2ec ../../libDaisy//build/libdaisy.a(stm32h7xx_ll_usb.o)
                0x000000000800a7dc                USB_StopHost
 .text.USBD_SetClassConfig
                0x000000000800aac8       0x14 ../../libDaisy//build/libdaisy.a(usbd_core.o)
                0x000000000800aac8                USBD_SetClassConfig
 .text.USBD_ClrClassConfig
                0x000000000800aadc       0x10 ../../libDaisy//build/libdaisy.a(usbd_core.o)
                0x000000000800aadc                USBD_ClrClassConfig
 .text.USBD_LL_SetupStage
                0x000000000800aaec       0x5c ../../libDaisy//build/libdaisy.a(usbd_core.o)
                0x000000000800aaec                USBD_LL_SetupStage
 .text.USBD_LL_DataOutStage
                0x000000000800ab48       0x7c ../../libDaisy//build/libdaisy.a(usbd_core.o)
                0x000000000800ab48                USBD_LL_DataOutStage
 .text.USBD_LL_DataInStage
                0x000000000800abc4       0xcc ../../libDaisy//build/libdaisy.a(usbd_core.o)
                0x000000000800abc4                USBD_LL_DataInStage
 .text.USBD_LL_Reset
                0x000000000800ac90       0x50 ../../libDaisy//build/libdaisy.a(usbd_core.o)
                0x000000000800ac90                USBD_LL_Reset
 .text.USBD_LL_SetSpeed
                0x000000000800ace0        0x8 ../../libDaisy//build/libdaisy.a(usbd_core.o)
                0x000000000800ace0                USBD_LL_SetSpeed
 .text.USBD_LL_Suspend
                0x000000000800ace8       0x14 ../../libDaisy//build/libdaisy.a(usbd_core.o)
                0x000000000800ace8                USBD_LL_Suspend
 .text.USBD_LL_Resume
                0x000000000800acfc       0x10 ../../libDaisy//build/libdaisy.a(usbd_core.o)
                0x000000000800acfc                USBD_LL_Resume
 .text.USBD_LL_SOF
                0x000000000800ad0c       0x1c ../../libDaisy//build/libdaisy.a(usbd_core.o)
                0x000000000800ad0c                USBD_LL_SOF
 .text.USBD_LL_IsoINIncomplete
                0x000000000800ad28        0x4 ../../libDaisy//build/libdaisy.a(usbd_core.o)
                0x000000000800ad28                USBD_LL_IsoINIncomplete
 .text.USBD_LL_IsoOUTIncomplete
                0x000000000800ad2c        0x4 ../../libDaisy//build/libdaisy.a(usbd_core.o)
                0x000000000800ad2c                USBD_LL_IsoOUTIncomplete
 .text.USBD_LL_DevConnected
                0x000000000800ad30        0x4 ../../libDaisy//build/libdaisy.a(usbd_core.o)
                0x000000000800ad30                USBD_LL_DevConnected
 .text.USBD_LL_DevDisconnected
                0x000000000800ad34       0x18 ../../libDaisy//build/libdaisy.a(usbd_core.o)
                0x000000000800ad34                USBD_LL_DevDisconnected
 .text.USBD_StdDevReq
                0x000000000800ad4c      0x304 ../../libDaisy//build/libdaisy.a(usbd_ctlreq.o)
                0x000000000800ad4c                USBD_StdDevReq
 .text.USBD_StdItfReq
                0x000000000800b050       0x68 ../../libDaisy//build/libdaisy.a(usbd_ctlreq.o)
                0x000000000800b050                USBD_StdItfReq
 .text.USBD_StdEPReq
                0x000000000800b0b8      0x13c ../../libDaisy//build/libdaisy.a(usbd_ctlreq.o)
                0x000000000800b0b8                USBD_StdEPReq
 .text.USBD_ParseSetupRequest
                0x000000000800b1f4       0x28 ../../libDaisy//build/libdaisy.a(usbd_ctlreq.o)
                0x000000000800b1f4                USBD_ParseSetupRequest
 .text.USBD_CtlSendData
                0x000000000800b21c       0x1c ../../libDaisy//build/libdaisy.a(usbd_ioreq.o)
                0x000000000800b21c                USBD_CtlSendData
 .text.USBD_CtlContinueSendData
                0x000000000800b238       0x14 ../../libDaisy//build/libdaisy.a(usbd_ioreq.o)
                0x000000000800b238                USBD_CtlContinueSendData
 .text.USBD_CtlContinueRx
                0x000000000800b24c       0x14 ../../libDaisy//build/libdaisy.a(usbd_ioreq.o)
                0x000000000800b24c                USBD_CtlContinueRx
 .text.USBD_CtlSendStatus
                0x000000000800b260       0x18 ../../libDaisy//build/libdaisy.a(usbd_ioreq.o)
                0x000000000800b260                USBD_CtlSendStatus
 .text.USBD_CtlReceiveStatus
                0x000000000800b278       0x18 ../../libDaisy//build/libdaisy.a(usbd_ioreq.o)
                0x000000000800b278                USBD_CtlReceiveStatus
 .text.USBH_LL_IncTimer
                0x000000000800b290       0x20 ../../libDaisy//build/libdaisy.a(usbh_core.o)
                0x000000000800b290                USBH_LL_IncTimer
 .text.USBH_LL_PortEnabled
                0x000000000800b2b0        0x8 ../../libDaisy//build/libdaisy.a(usbh_core.o)
                0x000000000800b2b0                USBH_LL_PortEnabled
 .text.USBH_LL_PortDisabled
                0x000000000800b2b8        0x8 ../../libDaisy//build/libdaisy.a(usbh_core.o)
                0x000000000800b2b8                USBH_LL_PortDisabled
 .text.USBH_LL_Connect
                0x000000000800b2c0       0x18 ../../libDaisy//build/libdaisy.a(usbh_core.o)
                0x000000000800b2c0                USBH_LL_Connect
 .text.USBH_LL_Disconnect
                0x000000000800b2d8       0x2c ../../libDaisy//build/libdaisy.a(usbh_core.o)
                0x000000000800b2d8                USBH_LL_Disconnect
 .text.USBH_FreePipe
                0x000000000800b304       0x18 ../../libDaisy//build/libdaisy.a(usbh_pipes.o)
                0x000000000800b304                USBH_FreePipe
 .text._ZN5daisy6Random4InitEv
                0x000000000800b31c       0x3c ../../libDaisy//build/libdaisy.a(rng.o)
                0x000000000800b31c                daisy::Random::Init()
 .text._ZN5daisy9SpiHandle4Impl7InitDmaEv
                0x000000000800b358       0xec ../../libDaisy//build/libdaisy.a(spi.o)
                0x000000000800b358                daisy::SpiHandle::Impl::InitDma()
 .text._ZN5daisy9SpiHandle4Impl10StartDmaTxEPhjPFvPvEPFvS3_NS0_6ResultEES3_
                0x000000000800b444       0xc8 ../../libDaisy//build/libdaisy.a(spi.o)
                0x000000000800b444                daisy::SpiHandle::Impl::StartDmaTx(unsigned char*, unsigned int, void (*)(void*), void (*)(void*, daisy::SpiHandle::Result), void*)
 .text._ZN5daisy9SpiHandle4Impl10StartDmaRxEPhjPFvPvEPFvS3_NS0_6ResultEES3_
                0x000000000800b50c       0xc8 ../../libDaisy//build/libdaisy.a(spi.o)
                0x000000000800b50c                daisy::SpiHandle::Impl::StartDmaRx(unsigned char*, unsigned int, void (*)(void*), void (*)(void*, daisy::SpiHandle::Result), void*)
 .text._ZN5daisy9SpiHandle4Impl12StartDmaRxTxEPhS2_jPFvPvEPFvS3_NS0_6ResultEES3_
                0x000000000800b5d4       0xcc ../../libDaisy//build/libdaisy.a(spi.o)
                0x000000000800b5d4                daisy::SpiHandle::Impl::StartDmaRxTx(unsigned char*, unsigned char*, unsigned int, void (*)(void*), void (*)(void*, daisy::SpiHandle::Result), void*)
 .text._ZN5daisy9SpiHandle4Impl8InitPinsEv
                0x000000000800b6a0      0x274 ../../libDaisy//build/libdaisy.a(spi.o)
                0x000000000800b6a0                daisy::SpiHandle::Impl::InitPins()
 .text.HAL_SPI_MspInit
                0x000000000800b914      0x1a8 ../../libDaisy//build/libdaisy.a(spi.o)
                0x000000000800b914                HAL_SPI_MspInit
 .text.dsy_spi_global_init
                0x000000000800babc       0x80 ../../libDaisy//build/libdaisy.a(spi.o)
                0x000000000800babc                dsy_spi_global_init
 .text.SPI1_IRQHandler
                0x000000000800bb3c        0xc ../../libDaisy//build/libdaisy.a(spi.o)
                0x000000000800bb3c                SPI1_IRQHandler
 .text.SPI2_IRQHandler
                0x000000000800bb48        0xc ../../libDaisy//build/libdaisy.a(spi.o)
                0x000000000800bb48                SPI2_IRQHandler
 .text.SPI3_IRQHandler
                0x000000000800bb54        0xc ../../libDaisy//build/libdaisy.a(spi.o)
                0x000000000800bb54                SPI3_IRQHandler
 .text.SPI4_IRQHandler
                0x000000000800bb60        0xc ../../libDaisy//build/libdaisy.a(spi.o)
                0x000000000800bb60                SPI4_IRQHandler
 .text.SPI5_IRQHandler
                0x000000000800bb6c        0xc ../../libDaisy//build/libdaisy.a(spi.o)
                0x000000000800bb6c                SPI5_IRQHandler
 .text.DMA2_Stream2_IRQHandler
                0x000000000800bb78       0x34 ../../libDaisy//build/libdaisy.a(spi.o)
                0x000000000800bb78                DMA2_Stream2_IRQHandler
 .text.DMA2_Stream3_IRQHandler
                0x000000000800bbac       0x38 ../../libDaisy//build/libdaisy.a(spi.o)
                0x000000000800bbac                DMA2_Stream3_IRQHandler
 .text.HAL_SPI_TxCpltCallback
                0x000000000800bbe4       0xc4 ../../libDaisy//build/libdaisy.a(spi.o)
                0x000000000800bbe4                HAL_SPI_TxCpltCallback
 .text.HAL_SPI_RxCpltCallback
                0x000000000800bca8       0xc4 ../../libDaisy//build/libdaisy.a(spi.o)
                0x000000000800bca8                HAL_SPI_RxCpltCallback
 .text.HAL_SPI_TxRxCpltCallback
                0x000000000800bd6c       0xc4 ../../libDaisy//build/libdaisy.a(spi.o)
                0x000000000800bd6c                HAL_SPI_TxRxCpltCallback
 .text.HAL_SPI_ErrorCallback
                0x000000000800be30       0xc8 ../../libDaisy//build/libdaisy.a(spi.o)
                0x000000000800be30                HAL_SPI_ErrorCallback
 .text.startup._GLOBAL__sub_I__Z19MapInstanceToHandleP11SPI_TypeDef
                0x000000000800bef8      0x1b0 ../../libDaisy//build/libdaisy.a(spi.o)
 .text.HAL_TIM_Base_MspInit
                0x000000000800c0a8      0x1e0 ../../libDaisy//build/libdaisy.a(tim.o)
                0x000000000800c0a8                HAL_TIM_Base_MspInit
 .text.HAL_TIM_PeriodElapsedCallback
                0x000000000800c288       0x44 ../../libDaisy//build/libdaisy.a(tim.o)
                0x000000000800c288                HAL_TIM_PeriodElapsedCallback
 .text.TIM2_IRQHandler
                0x000000000800c2cc        0xc ../../libDaisy//build/libdaisy.a(tim.o)
                0x000000000800c2cc                TIM2_IRQHandler
 .text.TIM3_IRQHandler
                0x000000000800c2d8        0xc ../../libDaisy//build/libdaisy.a(tim.o)
                0x000000000800c2d8                TIM3_IRQHandler
 .text.TIM4_IRQHandler
                0x000000000800c2e4        0xc ../../libDaisy//build/libdaisy.a(tim.o)
                0x000000000800c2e4                TIM4_IRQHandler
 .text.TIM5_IRQHandler
                0x000000000800c2f0        0xc ../../libDaisy//build/libdaisy.a(tim.o)
                0x000000000800c2f0                TIM5_IRQHandler
 .text._ZN5daisy11TimerHandle4InitERKNS0_6ConfigE
                0x000000000800c2fc       0xd0 ../../libDaisy//build/libdaisy.a(tim.o)
                0x000000000800c2fc                daisy::TimerHandle::Init(daisy::TimerHandle::Config const&)
 .text._ZN5daisy11TimerHandle5StartEv
                0x000000000800c3cc       0x24 ../../libDaisy//build/libdaisy.a(tim.o)
                0x000000000800c3cc                daisy::TimerHandle::Start()
 .text.startup._GLOBAL__sub_I__ZN5daisy11TimerHandle4Impl4InitERKNS0_6ConfigE
                0x000000000800c3f0       0x38 ../../libDaisy//build/libdaisy.a(tim.o)
 .text._ZL20UART_CheckRxListenerPN5daisy11UartHandler4ImplE
                0x000000000800c428       0x84 ../../libDaisy//build/libdaisy.a(uart.o)
 .text._ZN5daisy11UartHandler4Impl10StartDmaTxEPhjPFvPvEPFvS3_NS0_6ResultEES3_
                0x000000000800c4ac      0x184 ../../libDaisy//build/libdaisy.a(uart.o)
                0x000000000800c4ac                daisy::UartHandler::Impl::StartDmaTx(unsigned char*, unsigned int, void (*)(void*), void (*)(void*, daisy::UartHandler::Result), void*)
 .text._ZN5daisy11UartHandler4Impl10StartDmaRxEPhjPFvPvEPFvS3_NS0_6ResultEES3_
                0x000000000800c630      0x184 ../../libDaisy//build/libdaisy.a(uart.o)
                0x000000000800c630                daisy::UartHandler::Impl::StartDmaRx(unsigned char*, unsigned int, void (*)(void*), void (*)(void*, daisy::UartHandler::Result), void*)
 .text._ZN5daisy11UartHandler4Impl19DmaTransferFinishedEP20__UART_HandleTypeDefNS0_6ResultE
                0x000000000800c7b4       0xc0 ../../libDaisy//build/libdaisy.a(uart.o)
                0x000000000800c7b4                daisy::UartHandler::Impl::DmaTransferFinished(__UART_HandleTypeDef*, daisy::UartHandler::Result)
 .text._ZN5daisy11UartHandler4Impl8InitPinsEv
                0x000000000800c874      0x154 ../../libDaisy//build/libdaisy.a(uart.o)
                0x000000000800c874                daisy::UartHandler::Impl::InitPins()
 .text.HAL_UART_MspInit
                0x000000000800c9c8      0x210 ../../libDaisy//build/libdaisy.a(uart.o)
                0x000000000800c9c8                HAL_UART_MspInit
 .text.dsy_uart_global_init
                0x000000000800cbd8       0xfc ../../libDaisy//build/libdaisy.a(uart.o)
                0x000000000800cbd8                dsy_uart_global_init
 .text.USART1_IRQHandler
                0x000000000800ccd4       0x2c ../../libDaisy//build/libdaisy.a(uart.o)
                0x000000000800ccd4                USART1_IRQHandler
 .text.USART2_IRQHandler
                0x000000000800cd00       0x34 ../../libDaisy//build/libdaisy.a(uart.o)
                0x000000000800cd00                USART2_IRQHandler
 .text.USART3_IRQHandler
                0x000000000800cd34       0x34 ../../libDaisy//build/libdaisy.a(uart.o)
                0x000000000800cd34                USART3_IRQHandler
 .text.UART4_IRQHandler
                0x000000000800cd68       0x34 ../../libDaisy//build/libdaisy.a(uart.o)
                0x000000000800cd68                UART4_IRQHandler
 .text.UART5_IRQHandler
                0x000000000800cd9c       0x34 ../../libDaisy//build/libdaisy.a(uart.o)
                0x000000000800cd9c                UART5_IRQHandler
 .text.USART6_IRQHandler
                0x000000000800cdd0       0x34 ../../libDaisy//build/libdaisy.a(uart.o)
                0x000000000800cdd0                USART6_IRQHandler
 .text.UART7_IRQHandler
                0x000000000800ce04       0x34 ../../libDaisy//build/libdaisy.a(uart.o)
                0x000000000800ce04                UART7_IRQHandler
 .text.UART8_IRQHandler
                0x000000000800ce38       0x34 ../../libDaisy//build/libdaisy.a(uart.o)
                0x000000000800ce38                UART8_IRQHandler
 .text.LPUART1_IRQHandler
                0x000000000800ce6c       0x34 ../../libDaisy//build/libdaisy.a(uart.o)
                0x000000000800ce6c                LPUART1_IRQHandler
 .text.DMA1_Stream5_IRQHandler
                0x000000000800cea0       0x34 ../../libDaisy//build/libdaisy.a(uart.o)
                0x000000000800cea0                DMA1_Stream5_IRQHandler
 .text.DMA2_Stream4_IRQHandler
                0x000000000800ced4       0x38 ../../libDaisy//build/libdaisy.a(uart.o)
                0x000000000800ced4                DMA2_Stream4_IRQHandler
 .text.HAL_UART_TxCpltCallback
                0x000000000800cf0c        0x8 ../../libDaisy//build/libdaisy.a(uart.o)
                0x000000000800cf0c                HAL_UART_TxCpltCallback
 .text.HAL_UART_RxCpltCallback
                0x000000000800cf14       0x94 ../../libDaisy//build/libdaisy.a(uart.o)
                0x000000000800cf14                HAL_UART_RxCpltCallback
 .text.HAL_UART_RxHalfCpltCallback
                0x000000000800cfa8       0x90 ../../libDaisy//build/libdaisy.a(uart.o)
                0x000000000800cfa8                HAL_UART_RxHalfCpltCallback
 .text.HAL_UART_ErrorCallback
                0x000000000800d038        0x8 ../../libDaisy//build/libdaisy.a(uart.o)
                0x000000000800d038                HAL_UART_ErrorCallback
 .text.startup._GLOBAL__sub_I__Z19MapInstanceToHandleP13USART_TypeDef
                0x000000000800d040      0x194 ../../libDaisy//build/libdaisy.a(uart.o)
 .text.dsy_dma_init
                0x000000000800d1d4      0x100 ../../libDaisy//build/libdaisy.a(dma.o)
                0x000000000800d1d4                dsy_dma_init
 .text.dsy_dma_invalidate_cache_for_buffer
                0x000000000800d2d4       0x2c ../../libDaisy//build/libdaisy.a(dma.o)
                0x000000000800d2d4                dsy_dma_invalidate_cache_for_buffer
 .text.HAL_MDMA_Abort_IT
                0x000000000800d300       0x2c ../../libDaisy//build/libdaisy.a(stm32h7xx_hal_mdma.o)
                0x000000000800d300                HAL_MDMA_Abort_IT
 .text.SPI_CloseTransfer
                0x000000000800d32c       0xb8 ../../libDaisy//build/libdaisy.a(stm32h7xx_hal_spi.o)
 .text.HAL_SPI_Init
                0x000000000800d3e4      0x15c ../../libDaisy//build/libdaisy.a(stm32h7xx_hal_spi.o)
                0x000000000800d3e4                HAL_SPI_Init
 .text.HAL_SPI_Transmit_DMA
                0x000000000800d540      0x170 ../../libDaisy//build/libdaisy.a(stm32h7xx_hal_spi.o)
                0x000000000800d540                HAL_SPI_Transmit_DMA
 .text.HAL_SPI_TransmitReceive_DMA
                0x000000000800d6b0      0x218 ../../libDaisy//build/libdaisy.a(stm32h7xx_hal_spi.o)
                0x000000000800d6b0                HAL_SPI_TransmitReceive_DMA
 .text.HAL_SPI_Receive_DMA
                0x000000000800d8c8      0x1b4 ../../libDaisy//build/libdaisy.a(stm32h7xx_hal_spi.o)
                0x000000000800d8c8                HAL_SPI_Receive_DMA
 .text.SPI_DMATransmitCplt
                0x000000000800da7c       0x28 ../../libDaisy//build/libdaisy.a(stm32h7xx_hal_spi.o)
 .text.SPI_DMAReceiveCplt
                0x000000000800daa4       0x28 ../../libDaisy//build/libdaisy.a(stm32h7xx_hal_spi.o)
 .text.SPI_DMATransmitReceiveCplt
                0x000000000800dacc       0x28 ../../libDaisy//build/libdaisy.a(stm32h7xx_hal_spi.o)
 .text.HAL_SPI_TxHalfCpltCallback
                0x000000000800daf4        0x4 ../../libDaisy//build/libdaisy.a(stm32h7xx_hal_spi.o)
                0x000000000800daf4                HAL_SPI_TxHalfCpltCallback
 .text.SPI_DMAHalfTransmitCplt
                0x000000000800daf8        0xc ../../libDaisy//build/libdaisy.a(stm32h7xx_hal_spi.o)
 .text.HAL_SPI_RxHalfCpltCallback
                0x000000000800db04        0x4 ../../libDaisy//build/libdaisy.a(stm32h7xx_hal_spi.o)
                0x000000000800db04                HAL_SPI_RxHalfCpltCallback
 .text.SPI_DMAHalfReceiveCplt
                0x000000000800db08        0xc ../../libDaisy//build/libdaisy.a(stm32h7xx_hal_spi.o)
 .text.HAL_SPI_TxRxHalfCpltCallback
                0x000000000800db14        0x4 ../../libDaisy//build/libdaisy.a(stm32h7xx_hal_spi.o)
                0x000000000800db14                HAL_SPI_TxRxHalfCpltCallback
 .text.SPI_DMAHalfTransmitReceiveCplt
                0x000000000800db18        0xc ../../libDaisy//build/libdaisy.a(stm32h7xx_hal_spi.o)
 .text.SPI_DMAError
                0x000000000800db24       0xd8 ../../libDaisy//build/libdaisy.a(stm32h7xx_hal_spi.o)
 .text.HAL_SPI_IRQHandler
                0x000000000800dbfc      0x23c ../../libDaisy//build/libdaisy.a(stm32h7xx_hal_spi.o)
                0x000000000800dbfc                HAL_SPI_IRQHandler
 .text.SPI_DMAAbortOnError
                0x000000000800de38       0x1c ../../libDaisy//build/libdaisy.a(stm32h7xx_hal_spi.o)
 .text.HAL_SPI_GetState
                0x000000000800de54        0x8 ../../libDaisy//build/libdaisy.a(stm32h7xx_hal_spi.o)
                0x000000000800de54                HAL_SPI_GetState
 .text.HAL_TIM_Base_Init
                0x000000000800de5c      0x140 ../../libDaisy//build/libdaisy.a(stm32h7xx_hal_tim.o)
                0x000000000800de5c                HAL_TIM_Base_Init
 .text.HAL_TIM_Base_Start
                0x000000000800df9c       0x34 ../../libDaisy//build/libdaisy.a(stm32h7xx_hal_tim.o)
                0x000000000800df9c                HAL_TIM_Base_Start
 .text.HAL_TIM_Base_Start_IT
                0x000000000800dfd0       0x2c ../../libDaisy//build/libdaisy.a(stm32h7xx_hal_tim.o)
                0x000000000800dfd0                HAL_TIM_Base_Start_IT
 .text.HAL_TIM_ConfigClockSource
                0x000000000800dffc      0x17c ../../libDaisy//build/libdaisy.a(stm32h7xx_hal_tim.o)
                0x000000000800dffc                HAL_TIM_ConfigClockSource
 .text.HAL_TIM_OC_DelayElapsedCallback
                0x000000000800e178        0x4 ../../libDaisy//build/libdaisy.a(stm32h7xx_hal_tim.o)
                0x000000000800e178                HAL_TIM_OC_DelayElapsedCallback
 .text.HAL_TIM_IC_CaptureCallback
                0x000000000800e17c        0x4 ../../libDaisy//build/libdaisy.a(stm32h7xx_hal_tim.o)
                0x000000000800e17c                HAL_TIM_IC_CaptureCallback
 .text.HAL_TIM_PWM_PulseFinishedCallback
                0x000000000800e180        0x4 ../../libDaisy//build/libdaisy.a(stm32h7xx_hal_tim.o)
                0x000000000800e180                HAL_TIM_PWM_PulseFinishedCallback
 .text.HAL_TIM_TriggerCallback
                0x000000000800e184        0x4 ../../libDaisy//build/libdaisy.a(stm32h7xx_hal_tim.o)
                0x000000000800e184                HAL_TIM_TriggerCallback
 .text.HAL_TIM_IRQHandler
                0x000000000800e188      0x170 ../../libDaisy//build/libdaisy.a(stm32h7xx_hal_tim.o)
                0x000000000800e188                HAL_TIM_IRQHandler
 .text.HAL_TIMEx_MasterConfigSynchronization
                0x000000000800e2f8       0x64 ../../libDaisy//build/libdaisy.a(stm32h7xx_hal_tim_ex.o)
                0x000000000800e2f8                HAL_TIMEx_MasterConfigSynchronization
 .text.HAL_TIMEx_CommutCallback
                0x000000000800e35c        0x4 ../../libDaisy//build/libdaisy.a(stm32h7xx_hal_tim_ex.o)
                0x000000000800e35c                HAL_TIMEx_CommutCallback
 .text.HAL_TIMEx_BreakCallback
                0x000000000800e360        0x4 ../../libDaisy//build/libdaisy.a(stm32h7xx_hal_tim_ex.o)
                0x000000000800e360                HAL_TIMEx_BreakCallback
 .text.HAL_TIMEx_Break2Callback
                0x000000000800e364        0x4 ../../libDaisy//build/libdaisy.a(stm32h7xx_hal_tim_ex.o)
                0x000000000800e364                HAL_TIMEx_Break2Callback
 .text.HAL_UART_Transmit_DMA
                0x000000000800e368       0xa4 ../../libDaisy//build/libdaisy.a(stm32h7xx_hal_uart.o)
                0x000000000800e368                HAL_UART_Transmit_DMA
 .text.HAL_UART_Receive_DMA
                0x000000000800e40c       0xac ../../libDaisy//build/libdaisy.a(stm32h7xx_hal_uart.o)
                0x000000000800e40c                HAL_UART_Receive_DMA
 .text.UART_DMATransmitCplt
                0x000000000800e4b8       0x2c ../../libDaisy//build/libdaisy.a(stm32h7xx_hal_uart.o)
 .text.HAL_UART_TxHalfCpltCallback
                0x000000000800e4e4        0x4 ../../libDaisy//build/libdaisy.a(stm32h7xx_hal_uart.o)
                0x000000000800e4e4                HAL_UART_TxHalfCpltCallback
 .text.UART_DMATxHalfCplt
                0x000000000800e4e8        0xc ../../libDaisy//build/libdaisy.a(stm32h7xx_hal_uart.o)
 .text.UART_DMAReceiveCplt
                0x000000000800e4f4       0x38 ../../libDaisy//build/libdaisy.a(stm32h7xx_hal_uart.o)
 .text.UART_DMARxHalfCplt
                0x000000000800e52c        0xc ../../libDaisy//build/libdaisy.a(stm32h7xx_hal_uart.o)
 .text.UART_DMAError
                0x000000000800e538       0x78 ../../libDaisy//build/libdaisy.a(stm32h7xx_hal_uart.o)
 .text.HAL_UART_IRQHandler
                0x000000000800e5b0      0x1d0 ../../libDaisy//build/libdaisy.a(stm32h7xx_hal_uart.o)
                0x000000000800e5b0                HAL_UART_IRQHandler
 .text.UART_DMAAbortOnError
                0x000000000800e780       0x14 ../../libDaisy//build/libdaisy.a(stm32h7xx_hal_uart.o)
 .text.HAL_UART_GetState
                0x000000000800e794        0xc ../../libDaisy//build/libdaisy.a(stm32h7xx_hal_uart.o)
                0x000000000800e794                HAL_UART_GetState
 .text.UART_SetConfig
                0x000000000800e7a0     0x14b8 ../../libDaisy//build/libdaisy.a(stm32h7xx_hal_uart.o)
                0x000000000800e7a0                UART_SetConfig
 .text.UART_AdvFeatureConfig
                0x000000000800fc58       0xb0 ../../libDaisy//build/libdaisy.a(stm32h7xx_hal_uart.o)
                0x000000000800fc58                UART_AdvFeatureConfig
 .text.UART_CheckIdleState
                0x000000000800fd08       0x84 ../../libDaisy//build/libdaisy.a(stm32h7xx_hal_uart.o)
                0x000000000800fd08                UART_CheckIdleState
 .text.HAL_UART_Init
                0x000000000800fd8c       0x68 ../../libDaisy//build/libdaisy.a(stm32h7xx_hal_uart.o)
                0x000000000800fd8c                HAL_UART_Init
 .text.HAL_UARTEx_WakeupCallback
                0x000000000800fdf4        0x4 ../../libDaisy//build/libdaisy.a(stm32h7xx_hal_uart_ex.o)
                0x000000000800fdf4                HAL_UARTEx_WakeupCallback
 .text.HAL_UARTEx_RxFifoFullCallback
                0x000000000800fdf8        0x4 ../../libDaisy//build/libdaisy.a(stm32h7xx_hal_uart_ex.o)
                0x000000000800fdf8                HAL_UARTEx_RxFifoFullCallback
 .text.HAL_UARTEx_TxFifoEmptyCallback
                0x000000000800fdfc        0x4 ../../libDaisy//build/libdaisy.a(stm32h7xx_hal_uart_ex.o)
                0x000000000800fdfc                HAL_UARTEx_TxFifoEmptyCallback
 .text._ZN7daisysp7Flanger4InitEf
                0x000000000800fe00       0xd8 ../../DaisySP//build/libdaisysp.a(flanger.o)
                0x000000000800fe00                daisysp::Flanger::Init(float)
 .text._ZN7daisysp7Flanger7ProcessEf
                0x000000000800fed8      0x100 ../../DaisySP//build/libdaisysp.a(flanger.o)
                0x000000000800fed8                daisysp::Flanger::Process(float)
 .text._ZN7daisysp7Flanger11SetFeedbackEf
                0x000000000800ffd8       0x28 ../../DaisySP//build/libdaisysp.a(flanger.o)
                0x000000000800ffd8                daisysp::Flanger::SetFeedback(float)
 .text._ZN7daisysp7Flanger11SetLfoDepthEf
                0x0000000008010000       0x28 ../../DaisySP//build/libdaisysp.a(flanger.o)
                0x0000000008010000                daisysp::Flanger::SetLfoDepth(float)
 .text._ZN7daisysp7Flanger10SetLfoFreqEf
                0x0000000008010028       0x38 ../../DaisySP//build/libdaisysp.a(flanger.o)
                0x0000000008010028                daisysp::Flanger::SetLfoFreq(float)
 .text._ZN7daisysp7Flanger10SetDelayMsEf
                0x0000000008010060       0x34 ../../DaisySP//build/libdaisysp.a(flanger.o)
                0x0000000008010060                daisysp::Flanger::SetDelayMs(float)
 .text._ZN7daisysp9Overdrive4InitEv
                0x0000000008010094       0xc0 ../../DaisySP//build/libdaisysp.a(overdrive.o)
                0x0000000008010094                daisysp::Overdrive::Init()
 .text._ZN7daisysp9Overdrive7ProcessEf
                0x0000000008010154       0x6c ../../DaisySP//build/libdaisysp.a(overdrive.o)
                0x0000000008010154                daisysp::Overdrive::Process(float)
 .text._ZN7daisysp9Overdrive8SetDriveEf
                0x00000000080101c0       0xc0 ../../DaisySP//build/libdaisysp.a(overdrive.o)
                0x00000000080101c0                daisysp::Overdrive::SetDrive(float)
 .text._ZN7daisysp7DcBlock4InitEf
                0x0000000008010280       0x10 ../../DaisySP//build/libdaisysp.a(dcblock.o)
                0x0000000008010280                daisysp::DcBlock::Init(float)
 .text._ZN7daisysp7DcBlock7ProcessEf
                0x0000000008010290       0x20 ../../DaisySP//build/libdaisysp.a(dcblock.o)
                0x0000000008010290                daisysp::DcBlock::Process(float)
 .text._ZN7daisysp8ReverbSc17NextRandomLinesegEPNS_10ReverbScDlEi
                0x00000000080102b0      0x108 ../../DaisySP//DaisySP-LGPL/build/libdaisysp-lgpl.a(reverbsc.o)
                0x00000000080102b0                daisysp::ReverbSc::NextRandomLineseg(daisysp::ReverbScDl*, int)
 .text._ZN7daisysp8ReverbSc4InitEf
                0x00000000080103b8      0x180 ../../DaisySP//DaisySP-LGPL/build/libdaisysp-lgpl.a(reverbsc.o)
                0x00000000080103b8                daisysp::ReverbSc::Init(float)
 .text._ZN7daisysp8ReverbSc7ProcessERKfS2_PfS3_
                0x0000000008010538      0x2e0 ../../DaisySP//DaisySP-LGPL/build/libdaisysp-lgpl.a(reverbsc.o)
                0x0000000008010538                daisysp::ReverbSc::Process(float const&, float const&, float*, float*)
 .text.__aeabi_atexit
                0x0000000008010818        0xa /Library/DaisyToolchain/0.2.0/arm/bin/../lib/gcc/arm-none-eabi/10.3.1/../../../../arm-none-eabi/lib/thumb/v7e-m+dp/hard/libstdc++_nano.a(atexit_arm.o)
                0x0000000008010818                __aeabi_atexit
 *fill*         0x0000000008010822        0x6 
 .text.cosf     0x0000000008010828      0x1bc /Library/DaisyToolchain/0.2.0/arm/bin/../lib/gcc/arm-none-eabi/10.3.1/../../../../arm-none-eabi/lib/thumb/v7e-m+dp/hard/libm.a(lib_a-cosf.o)
                0x0000000008010828                cosf
 .text.with_errnof
                0x00000000080109e4       0x18 /Library/DaisyToolchain/0.2.0/arm/bin/../lib/gcc/arm-none-eabi/10.3.1/../../../../arm-none-eabi/lib/thumb/v7e-m+dp/hard/libm.a(lib_a-math_errf.o)
 .text.__math_invalidf
                0x00000000080109fc       0x20 /Library/DaisyToolchain/0.2.0/arm/bin/../lib/gcc/arm-none-eabi/10.3.1/../../../../arm-none-eabi/lib/thumb/v7e-m+dp/hard/libm.a(lib_a-math_errf.o)
                0x00000000080109fc                __math_invalidf
 .text.sqrtf    0x0000000008010a1c       0x44 /Library/DaisyToolchain/0.2.0/arm/bin/../lib/gcc/arm-none-eabi/10.3.1/../../../../arm-none-eabi/lib/thumb/v7e-m+dp/hard/libm.a(lib_a-wf_sqrt.o)
                0x0000000008010a1c                sqrtf
 .text.__ieee754_sqrtf
                0x0000000008010a60        0x8 /Library/DaisyToolchain/0.2.0/arm/bin/../lib/gcc/arm-none-eabi/10.3.1/../../../../arm-none-eabi/lib/thumb/v7e-m+dp/hard/libm.a(lib_a-ef_sqrt.o)
                0x0000000008010a60                __ieee754_sqrtf
 .text.__cxa_atexit
                0x0000000008010a68       0x1c /Library/DaisyToolchain/0.2.0/arm/bin/../lib/gcc/arm-none-eabi/10.3.1/../../../../arm-none-eabi/lib/thumb/v7e-m+dp/hard/libc_nano.a(lib_a-cxa_atexit.o)
                0x0000000008010a68                __cxa_atexit
 .text.__errno  0x0000000008010a84        0xc /Library/DaisyToolchain/0.2.0/arm/bin/../lib/gcc/arm-none-eabi/10.3.1/../../../../arm-none-eabi/lib/thumb/v7e-m+dp/hard/libc_nano.a(lib_a-errno.o)
                0x0000000008010a84                __errno
 .text.__libc_init_array
                0x0000000008010a90       0x48 /Library/DaisyToolchain/0.2.0/arm/bin/../lib/gcc/arm-none-eabi/10.3.1/../../../../arm-none-eabi/lib/thumb/v7e-m+dp/hard/libc_nano.a(lib_a-init.o)
                0x0000000008010a90                __libc_init_array
 .text.memcpy   0x0000000008010ad8       0x1c /Library/DaisyToolchain/0.2.0/arm/bin/../lib/gcc/arm-none-eabi/10.3.1/../../../../arm-none-eabi/lib/thumb/v7e-m+dp/hard/libc_nano.a(lib_a-memcpy-stub.o)
                0x0000000008010ad8                memcpy
 .text.memset   0x0000000008010af4       0x10 /Library/DaisyToolchain/0.2.0/arm/bin/../lib/gcc/arm-none-eabi/10.3.1/../../../../arm-none-eabi/lib/thumb/v7e-m+dp/hard/libc_nano.a(lib_a-memset.o)
                0x0000000008010af4                memset
 *(.rodata)
 .rodata        0x0000000008010b04       0x10 ../../libDaisy//build/libdaisy.a(i2c.o)
 .rodata        0x0000000008010b14       0x10 ../../libDaisy//build/libdaisy.a(tim.o)
 .rodata        0x0000000008010b24       0x12 ../../libDaisy//build/libdaisy.a(uart.o)
 *(.rodata*)
 *fill*         0x0000000008010b36        0x2 
 .rodata.CSWTCH.35
                0x0000000008010b38        0x3 ../../libDaisy//build/libdaisy.a(sai.o)
 *fill*         0x0000000008010b3b        0x1 
 .rodata.CSWTCH.36
                0x0000000008010b3c        0xc ../../libDaisy//build/libdaisy.a(sai.o)
 .rodata.CSWTCH.44
                0x0000000008010b48       0x14 ../../libDaisy//build/libdaisy.a(sai.o)
 .rodata.D1CorePrescTable
                0x0000000008010b5c       0x10 ../../libDaisy//build/libdaisy.a(system_stm32h7xx.o)
                0x0000000008010b5c                D1CorePrescTable
 .rodata.CSWTCH.24
                0x0000000008010b6c        0x4 ../../libDaisy//build/libdaisy.a(usbd_conf.o)
 .rodata.CSWTCH.19
                0x0000000008010b70        0x4 ../../libDaisy//build/libdaisy.a(usbh_conf.o)
 .rodata.gpio_hal_pin_map
                0x0000000008010b74       0x20 ../../libDaisy//build/libdaisy.a(hal_map.o)
 .rodata.gpio_hal_port_map
                0x0000000008010b94       0x30 ../../libDaisy//build/libdaisy.a(hal_map.o)
 .rodata.flagBitshiftOffset.0
                0x0000000008010bc4        0x8 ../../libDaisy//build/libdaisy.a(stm32h7xx_hal_dma.o)
 .rodata._ZL13pins_none_spi
                0x0000000008010bcc        0x3 ../../libDaisy//build/libdaisy.a(spi.o)
 *fill*         0x0000000008010bcf        0x1 
 .rodata._ZL16pins_periphs_spi
                0x0000000008010bd0       0x60 ../../libDaisy//build/libdaisy.a(spi.o)
 .rodata.CSWTCH.418
                0x0000000008010c30       0x29 ../../libDaisy//build/libdaisy.a(stm32h7xx_hal_uart.o)
 *fill*         0x0000000008010c59        0x3 
 .rodata.CSWTCH.419
                0x0000000008010c5c        0x6 ../../libDaisy//build/libdaisy.a(stm32h7xx_hal_uart.o)
 *fill*         0x0000000008010c62        0x2 